Component: ARM Compiler 6.16 Tool: armlink [5dfeaa00]

==============================================================================

Section Cross References

    clock_config.o(.text.clockInit) refers to puts.o(.text) for puts
    clock_config.o(.text.clockInit) refers to system_stm32f4xx.o(.text.SystemCoreClockUpdate) for SystemCoreClockUpdate
    clock_config.o(.text.clockInit) refers to clock_config.o(.rodata.str1.1) for .Lstr
    clock_config.o(.ARM.exidx.text.clockInit) refers to clock_config.o(.text.clockInit) for [Anonymous Symbol]
    main.o(.text.SysTick_Handler) refers to main.o(.bss.ticks) for ticks
    main.o(.ARM.exidx.text.SysTick_Handler) refers to main.o(.text.SysTick_Handler) for [Anonymous Symbol]
    main.o(.text.delay) refers to main.o(.bss.ticks) for ticks
    main.o(.ARM.exidx.text.delay) refers to main.o(.text.delay) for [Anonymous Symbol]
    main.o(.text.main) refers to peripherials_init.o(.text.ledInitPWM) for ledInitPWM
    main.o(.text.main) refers to peripherials_init.o(.text.buttonInit) for buttonInit
    main.o(.text.main) refers to clock_config.o(.text.clockInit) for clockInit
    main.o(.text.main) refers to system_stm32f4xx.o(.data.SystemCoreClock) for SystemCoreClock
    main.o(.text.main) refers to main.o(.text.SysTick_Config) for SysTick_Config
    main.o(.text.main) refers to peripherials_init.o(.text.tim4Init) for tim4Init
    main.o(.text.main) refers to pwm.o(.text.pwm_SetDuty) for pwm_SetDuty
    main.o(.ARM.exidx.text.main) refers to main.o(.text.main) for [Anonymous Symbol]
    main.o(.text.SysTick_Config) refers to main.o(.text.__NVIC_SetPriority) for __NVIC_SetPriority
    main.o(.ARM.exidx.text.SysTick_Config) refers to main.o(.text.SysTick_Config) for [Anonymous Symbol]
    main.o(.ARM.exidx.text.__NVIC_SetPriority) refers to main.o(.text.__NVIC_SetPriority) for [Anonymous Symbol]
    peripherials_init.o(.ARM.exidx.text.buttonInit) refers to peripherials_init.o(.text.buttonInit) for [Anonymous Symbol]
    peripherials_init.o(.ARM.exidx.text.ledInitDirectOutput) refers to peripherials_init.o(.text.ledInitDirectOutput) for [Anonymous Symbol]
    peripherials_init.o(.ARM.exidx.text.ledInitPWM) refers to peripherials_init.o(.text.ledInitPWM) for [Anonymous Symbol]
    peripherials_init.o(.ARM.exidx.text.tim4Init) refers to peripherials_init.o(.text.tim4Init) for [Anonymous Symbol]
    pwm.o(.text) refers (Special) to _printf_d.o(.ARM.Collect$$_printf_percent$$00000009) for _printf_d
    pwm.o(.text) refers (Special) to _printf_dec.o(.text) for _printf_int_dec
    pwm.o(.text) refers (Special) to _printf_percent.o(.ARM.Collect$$_printf_percent$$00000000) for _printf_percent
    pwm.o(.text._pwm_1SetDuty_raw) refers (Special) to _printf_d.o(.ARM.Collect$$_printf_percent$$00000009) for _printf_d
    pwm.o(.text._pwm_1SetDuty_raw) refers (Special) to _printf_dec.o(.text) for _printf_int_dec
    pwm.o(.text._pwm_1SetDuty_raw) refers (Special) to _printf_percent.o(.ARM.Collect$$_printf_percent$$00000000) for _printf_percent
    pwm.o(.ARM.exidx.text._pwm_1SetDuty_raw) refers (Special) to _printf_d.o(.ARM.Collect$$_printf_percent$$00000009) for _printf_d
    pwm.o(.ARM.exidx.text._pwm_1SetDuty_raw) refers (Special) to _printf_dec.o(.text) for _printf_int_dec
    pwm.o(.ARM.exidx.text._pwm_1SetDuty_raw) refers (Special) to _printf_percent.o(.ARM.Collect$$_printf_percent$$00000000) for _printf_percent
    pwm.o(.ARM.exidx.text._pwm_1SetDuty_raw) refers to pwm.o(.text._pwm_1SetDuty_raw) for [Anonymous Symbol]
    pwm.o(.text._pwm_2SetDuty_raw) refers (Special) to _printf_d.o(.ARM.Collect$$_printf_percent$$00000009) for _printf_d
    pwm.o(.text._pwm_2SetDuty_raw) refers (Special) to _printf_dec.o(.text) for _printf_int_dec
    pwm.o(.text._pwm_2SetDuty_raw) refers (Special) to _printf_percent.o(.ARM.Collect$$_printf_percent$$00000000) for _printf_percent
    pwm.o(.ARM.exidx.text._pwm_2SetDuty_raw) refers (Special) to _printf_d.o(.ARM.Collect$$_printf_percent$$00000009) for _printf_d
    pwm.o(.ARM.exidx.text._pwm_2SetDuty_raw) refers (Special) to _printf_dec.o(.text) for _printf_int_dec
    pwm.o(.ARM.exidx.text._pwm_2SetDuty_raw) refers (Special) to _printf_percent.o(.ARM.Collect$$_printf_percent$$00000000) for _printf_percent
    pwm.o(.ARM.exidx.text._pwm_2SetDuty_raw) refers to pwm.o(.text._pwm_2SetDuty_raw) for [Anonymous Symbol]
    pwm.o(.text._pwm_3SetDuty_raw) refers (Special) to _printf_d.o(.ARM.Collect$$_printf_percent$$00000009) for _printf_d
    pwm.o(.text._pwm_3SetDuty_raw) refers (Special) to _printf_dec.o(.text) for _printf_int_dec
    pwm.o(.text._pwm_3SetDuty_raw) refers (Special) to _printf_percent.o(.ARM.Collect$$_printf_percent$$00000000) for _printf_percent
    pwm.o(.ARM.exidx.text._pwm_3SetDuty_raw) refers (Special) to _printf_d.o(.ARM.Collect$$_printf_percent$$00000009) for _printf_d
    pwm.o(.ARM.exidx.text._pwm_3SetDuty_raw) refers (Special) to _printf_dec.o(.text) for _printf_int_dec
[...]
    Removing leds.o(.text.switchLed), (104 bytes).
    Removing leds.o(.ARM.exidx.text.switchLed), (8 bytes).
    Removing retarget_io.o(.text), (0 bytes).
    Removing retarget_io.o(.ARM.exidx.text.ITM_SendChar), (8 bytes).
    Removing retarget_io.o(.text.ITM_ReceiveChar), (32 bytes).
    Removing retarget_io.o(.ARM.exidx.text.ITM_ReceiveChar), (8 bytes).
    Removing retarget_io.o(.ARM.exidx.text._sys_open), (8 bytes).
    Removing retarget_io.o(.ARM.exidx.text._sys_close), (8 bytes).
    Removing retarget_io.o(.ARM.exidx.text._sys_write), (8 bytes).
    Removing retarget_io.o(.ARM.exidx.text.stdout_putchar), (8 bytes).
    Removing retarget_io.o(.ARM.exidx.text.stderr_putchar), (8 bytes).
    Removing retarget_io.o(.text._sys_read), (40 bytes).
    Removing retarget_io.o(.ARM.exidx.text._sys_read), (8 bytes).
    Removing retarget_io.o(.text.stdin_getchar), (14 bytes).
    Removing retarget_io.o(.ARM.exidx.text.stdin_getchar), (8 bytes).
    Removing retarget_io.o(.ARM.exidx.text._sys_istty), (8 bytes).
    Removing retarget_io.o(.ARM.exidx.text._sys_seek), (8 bytes).
    Removing retarget_io.o(.ARM.exidx.text._sys_flen), (8 bytes).
    Removing retarget_io.o(.data.ITM_RxBuffer), (4 bytes).
    Removing system_stm32f4xx.o(.text), (0 bytes).
    Removing system_stm32f4xx.o(.ARM.exidx.text.SystemInit), (8 bytes).
    Removing system_stm32f4xx.o(.ARM.exidx.text.SystemCoreClockUpdate), (8 bytes).
    Removing system_stm32f4xx.o(.rodata.APBPrescTable), (8 bytes).

46 unused section(s) (total 538 bytes) removed from the image.

==============================================================================

Image Symbol Table

    Local Symbols

    Symbol Name                              Value     Ov Type        Size  Object(Section)

    ../clib/angel/boardlib.s                 0x00000000   Number         0  boardinit1.o ABSOLUTE
    ../clib/angel/boardlib.s                 0x00000000   Number         0  boardinit2.o ABSOLUTE
    ../clib/angel/boardlib.s                 0x00000000   Number         0  boardinit3.o ABSOLUTE
    ../clib/angel/boardlib.s                 0x00000000   Number         0  boardshut.o ABSOLUTE
    ../clib/angel/handlers.s                 0x00000000   Number         0  __scatter_copy.o ABSOLUTE
    ../clib/angel/handlers.s                 0x00000000   Number         0  __scatter_zi.o ABSOLUTE
    ../clib/angel/kernel.s                   0x00000000   Number         0  __rtentry.o ABSOLUTE
    ../clib/angel/kernel.s                   0x00000000   Number         0  __rtentry2.o ABSOLUTE
    ../clib/angel/kernel.s                   0x00000000   Number         0  __rtentry4.o ABSOLUTE
    ../clib/angel/kernel.s                   0x00000000   Number         0  rtexit.o ABSOLUTE
    ../clib/angel/kernel.s                   0x00000000   Number         0  rtexit2.o ABSOLUTE
    ../clib/angel/rt.s                       0x00000000   Number         0  rt_raise.o ABSOLUTE
    ../clib/angel/rt.s                       0x00000000   Number         0  rt_heap_descriptor.o ABSOLUTE
    ../clib/angel/rt.s                       0x00000000   Number         0  rt_heap_descriptor_intlibspace.o ABSOLUTE
    ../clib/angel/rt.s                       0x00000000   Number         0  rt_errno_addr.o ABSOLUTE
    ../clib/angel/rt.s                       0x00000000   Number         0  rt_errno_addr_intlibspace.o ABSOLUTE
    ../clib/angel/scatter.s                  0x00000000   Number         0  __scatter.o ABSOLUTE
    ../clib/angel/startup.s                  0x00000000   Number         0  __main.o ABSOLUTE
    ../clib/angel/sys.s                      0x00000000   Number         0  mutex_dummy.o ABSOLUTE
    ../clib/angel/sys.s                      0x00000000   Number         0  sys_stackheap_outer.o ABSOLUTE
    ../clib/angel/sys.s                      0x00000000   Number         0  libspace.o ABSOLUTE
    ../clib/angel/sys.s                      0x00000000   Number         0  use_no_semi.o ABSOLUTE
    ../clib/angel/sys.s                      0x00000000   Number         0  indicate_semi.o ABSOLUTE
    ../clib/angel/sysapp.c                   0x00000000   Number         0  sys_command.o ABSOLUTE
    ../clib/angel/sysapp.c                   0x00000000   Number         0  sys_exit.o ABSOLUTE
    ../clib/angel/sysapp.c                   0x00000000   Number         0  sys_command_hlt.o ABSOLUTE
    ../clib/angel/sysapp.c                   0x00000000   Number         0  sys_exit_hlt.o ABSOLUTE
    ../clib/angel/sysapp.c                   0x00000000   Number         0  sys_wrch.o ABSOLUTE
    ../clib/angel/sysapp.c                   0x00000000   Number         0  sys_wrch_hlt.o ABSOLUTE
    ../clib/armsys.c                         0x00000000   Number         0  _get_argv.o ABSOLUTE
    ../clib/armsys.c                         0x00000000   Number         0  argv_veneer.o ABSOLUTE
    ../clib/armsys.c                         0x00000000   Number         0  argv_veneer.o ABSOLUTE
    ../clib/armsys.c                         0x00000000   Number         0  _get_argv_nomalloc.o ABSOLUTE
    ../clib/armsys.c                         0x00000000   Number         0  no_argv.o ABSOLUTE
    ../clib/assert.c                         0x00000000   Number         0  assert_stdio.o ABSOLUTE
    ../clib/heap1.c                          0x00000000   Number         0  h1_alloc.o ABSOLUTE
    ../clib/heap1.c                          0x00000000   Number         0  h1_free.o ABSOLUTE
    ../clib/heap1.c                          0x00000000   Number         0  h1_alloc_threads.o ABSOLUTE
    ../clib/heap1.c                          0x00000000   Number         0  h1_free_threads.o ABSOLUTE
    ../clib/heap1.c                          0x00000000   Number         0  h1_init.o ABSOLUTE
    ../clib/heap1.c                          0x00000000   Number         0  h1_init_threads.o ABSOLUTE
    ../clib/heap1.c                          0x00000000   Number         0  h1_extend.o ABSOLUTE
    ../clib/heap1.c                          0x00000000   Number         0  h1_extend_threads.o ABSOLUTE
    ../clib/heap1.c                          0x00000000   Number         0  h1_final.o ABSOLUTE
    ../clib/heap1.c                          0x00000000   Number         0  h1_final_threads.o ABSOLUTE
    ../clib/heap2.c                          0x00000000   Number         0  heap2.o ABSOLUTE
    ../clib/heap2.c                          0x00000000   Number         0  heap2_threads.o ABSOLUTE
    ../clib/heap2.c                          0x00000000   Number         0  fdtree.o ABSOLUTE
    ../clib/heapalloc.c                      0x00000000   Number         0  malloc.o ABSOLUTE
    ../clib/heapalloc.c                      0x00000000   Number         0  free.o ABSOLUTE
    ../clib/heapalloc.c                      0x00000000   Number         0  hguard.o ABSOLUTE
    ../clib/heapalloc.c                      0x00000000   Number         0  init_alloc.o ABSOLUTE
    ../clib/heapalloc.c                      0x00000000   Number         0  heapstubs.o ABSOLUTE
    ../clib/heapalloc.c                      0x00000000   Number         0  hrguard.o ABSOLUTE
    ../clib/heapalloc.c                      0x00000000   Number         0  term_alloc.o ABSOLUTE
    ../clib/heapaux.c                        0x00000000   Number         0  heapauxi.o ABSOLUTE
    ../clib/heapaux.c                        0x00000000   Number         0  heapauxa.o ABSOLUTE
    ../clib/libinit.s                        0x00000000   Number         0  libinit.o ABSOLUTE
    ../clib/libinit.s                        0x00000000   Number         0  libinit2.o ABSOLUTE
    ../clib/libinit.s                        0x00000000   Number         0  libshutdown2.o ABSOLUTE
    ../clib/libinit.s                        0x00000000   Number         0  libshutdown.o ABSOLUTE
    ../clib/maybe.s                          0x00000000   Number         0  maybetermalloc1.o ABSOLUTE
    ../clib/maybe.s                          0x00000000   Number         0  maybetermalloc2.o ABSOLUTE
    ../clib/memcpset.s                       0x00000000   Number         0  strcmpv7em.o ABSOLUTE
    ../clib/memcpset.s                       0x00000000   Number         0  rt_memclr_w.o ABSOLUTE
    ../clib/memcpset.s                       0x00000000   Number         0  rt_memcpy_v6.o ABSOLUTE
    ../clib/memcpset.s                       0x00000000   Number         0  rt_memcpy_w.o ABSOLUTE
    ../clib/printf.c                         0x00000000   Number         0  __2printf.o ABSOLUTE
    ../clib/printf.c                         0x00000000   Number         0  noretval__2printf.o ABSOLUTE
    ../clib/printf.c                         0x00000000   Number         0  __printf.o ABSOLUTE
    ../clib/printf.c                         0x00000000   Number         0  _printf_dec.o ABSOLUTE
    ../clib/printf.c                         0x00000000   Number         0  __printf_flags.o ABSOLUTE
    ../clib/printf.c                         0x00000000   Number         0  __printf_ss.o ABSOLUTE
    ../clib/printf.c                         0x00000000   Number         0  __printf_flags_ss.o ABSOLUTE
    ../clib/printf.c                         0x00000000   Number         0  __printf_wp.o ABSOLUTE
    ../clib/printf.c                         0x00000000   Number         0  __printf_flags_wp.o ABSOLUTE
    ../clib/printf.c                         0x00000000   Number         0  __printf_ss_wp.o ABSOLUTE
    ../clib/printf.c                         0x00000000   Number         0  __printf_flags_ss_wp.o ABSOLUTE
    ../clib/printf.c                         0x00000000   Number         0  _printf_intcommon.o ABSOLUTE
    ../clib/printf.c                         0x00000000   Number         0  _printf_char_file.o ABSOLUTE
    ../clib/printf.c                         0x00000000   Number         0  _printf_char_common.o ABSOLUTE
    ../clib/printf.c                         0x00000000   Number         0  __printf_nopercent.o ABSOLUTE
    ../clib/printf.c                         0x00000000   Number         0  _printf_char_file_locked.o ABSOLUTE
    ../clib/printf_percent.s                 0x00000000   Number         0  _printf_d.o ABSOLUTE
    ../clib/printf_percent.s                 0x00000000   Number         0  _printf_percent.o ABSOLUTE
    ../clib/printf_percent.s                 0x00000000   Number         0  _printf_percent_end.o ABSOLUTE
    ../clib/signal.c                         0x00000000   Number         0  defsig_rtred_outer.o ABSOLUTE
    ../clib/signal.c                         0x00000000   Number         0  defsig_rtred_formal.o ABSOLUTE
    ../clib/signal.c                         0x00000000   Number         0  defsig_exit.o ABSOLUTE
    ../clib/signal.c                         0x00000000   Number         0  defsig_rtred_inner.o ABSOLUTE
    ../clib/signal.c                         0x00000000   Number         0  __raise.o ABSOLUTE
    ../clib/signal.c                         0x00000000   Number         0  defsig_general.o ABSOLUTE
    ../clib/signal.c                         0x00000000   Number         0  defsig_rtmem_outer.o ABSOLUTE
    ../clib/signal.c                         0x00000000   Number         0  defsig_rtmem_formal.o ABSOLUTE
    ../clib/signal.c                         0x00000000   Number         0  defsig_rtmem_inner.o ABSOLUTE
    ../clib/signal.c                         0x00000000   Number         0  defsig_abrt_inner.o ABSOLUTE
    ../clib/signal.c                         0x00000000   Number         0  defsig_fpe_inner.o ABSOLUTE
    ../clib/signal.c                         0x00000000   Number         0  defsig_stak_inner.o ABSOLUTE
    ../clib/signal.c                         0x00000000   Number         0  defsig_pvfn_inner.o ABSOLUTE
    ../clib/signal.c                         0x00000000   Number         0  defsig_cppl_inner.o ABSOLUTE
    ../clib/signal.c                         0x00000000   Number         0  defsig_segv_inner.o ABSOLUTE
    ../clib/signal.c                         0x00000000   Number         0  defsig_other.o ABSOLUTE
    ../clib/signal.s                         0x00000000   Number         0  defsig.o ABSOLUTE
    ../clib/stdio.c                          0x00000000   Number         0  puts.o ABSOLUTE
    ../clib/stdio.c                          0x00000000   Number         0  fputc.o ABSOLUTE
    ../clib/stdio.c                          0x00000000   Number         0  stdio_streams.o ABSOLUTE
    ../clib/stdio.c                          0x00000000   Number         0  fputc_locked.o ABSOLUTE
    ../clib/stdio.c                          0x00000000   Number         0  ferror.o ABSOLUTE
    ../clib/stdio.c                          0x00000000   Number         0  flsbuf.o ABSOLUTE
    ../clib/stdio.c                          0x00000000   Number         0  initio.o ABSOLUTE
    ../clib/stdio.c                          0x00000000   Number         0  ferror_locked.o ABSOLUTE
    ../clib/stdio.c                          0x00000000   Number         0  initio_locked.o ABSOLUTE
    ../clib/stdio.c                          0x00000000   Number         0  setvbuf.o ABSOLUTE
    ../clib/stdio.c                          0x00000000   Number         0  stdio.o ABSOLUTE
    ../clib/stdio.c                          0x00000000   Number         0  fwritefast.o ABSOLUTE
    ../clib/stdio.c                          0x00000000   Number         0  streamlock.o ABSOLUTE
    ../clib/stdio.c                          0x00000000   Number         0  fopen.o ABSOLUTE
    ../clib/stdio.c                          0x00000000   Number         0  fclose.o ABSOLUTE
    ../clib/stdio.c                          0x00000000   Number         0  puts_locked.o ABSOLUTE
    ../clib/stdio.c                          0x00000000   Number         0  setvbuf_locked.o ABSOLUTE
    ../clib/stdio.c                          0x00000000   Number         0  fopen_locked.o ABSOLUTE
    ../clib/stdio.c                          0x00000000   Number         0  fwritefast_locked.o ABSOLUTE
    ../clib/stdio.c                          0x00000000   Number         0  fflush.o ABSOLUTE
    ../clib/stdio.c                          0x00000000   Number         0  fputs.o ABSOLUTE
    ../clib/stdio.c                          0x00000000   Number         0  fseek.o ABSOLUTE
    ../clib/stdio.c                          0x00000000   Number         0  fputs_locked.o ABSOLUTE
    ../clib/stdio.c                          0x00000000   Number         0  fflush_locked.o ABSOLUTE
    ../clib/stdio.c                          0x00000000   Number         0  ftell.o ABSOLUTE
    ../clib/stdlib.c                         0x00000000   Number         0  exit.o ABSOLUTE
    ../clib/wchar.c                          0x00000000   Number         0  flsbuf_fwide.o ABSOLUTE
    ../fplib/dcmp.s                          0x00000000   Number         0  dcmp.o ABSOLUTE
    ../fplib/dcmpi.s                         0x00000000   Number         0  dcmpi.o ABSOLUTE
    ../fplib/ddiv.s                          0x00000000   Number         0  ddiv.o ABSOLUTE
    ../fplib/deqf.s                          0x00000000   Number         0  deqf.o ABSOLUTE
    ../fplib/dfixu.s                         0x00000000   Number         0  dfixu.o ABSOLUTE
    ../fplib/dflt.s                          0x00000000   Number         0  dflt_clz.o ABSOLUTE
    ../fplib/dgeqf.s                         0x00000000   Number         0  dgeqf.o ABSOLUTE
    ../fplib/dleqf.s                         0x00000000   Number         0  dleqf.o ABSOLUTE
    ../fplib/dmul.s                          0x00000000   Number         0  dmul.o ABSOLUTE
    ../fplib/dnaninf.s                       0x00000000   Number         0  dnaninf.o ABSOLUTE
    ../fplib/dretinf.s                       0x00000000   Number         0  dretinf.o ABSOLUTE
    ../fplib/fpinit.s                        0x00000000   Number         0  fpinit.o ABSOLUTE
    ../fplib/usenofp.s                       0x00000000   Number         0  usenofp.o ABSOLUTE
    LEDs.c                                   0x00000000   Number         0  leds.o ABSOLUTE
    PWM.c                                    0x00000000   Number         0  pwm.o ABSOLUTE
    RTE/Device/STM32F407VGTx/startup_stm32f407xx.s 0x00000000   Number         0  startup_stm32f407xx.o ABSOLUTE
    clock_config.c                           0x00000000   Number         0  clock_config.o ABSOLUTE
    dc.s                                     0x00000000   Number         0  dc.o ABSOLUTE
    main.c                                   0x00000000   Number         0  main.o ABSOLUTE
    peripherials_init.c                      0x00000000   Number         0  peripherials_init.o ABSOLUTE
    retarget_io.c                            0x00000000   Number         0  retarget_io.o ABSOLUTE
    system_stm32f4xx.c                       0x00000000   Number         0  system_stm32f4xx.o ABSOLUTE
    RESET                                    0x08000000   Section      392  startup_stm32f407xx.o(RESET)
    !!!main                                  0x08000188   Section        8  __main.o(!!!main)
    !!!scatter                               0x08000190   Section       52  __scatter.o(!!!scatter)
    !!handler_copy                           0x080001c4   Section       26  __scatter_copy.o(!!handler_copy)
    !!handler_zi                             0x080001e0   Section       28  __scatter_zi.o(!!handler_zi)
    .ARM.Collect$$_printf_percent$$00000000  0x080001fc   Section        0  _printf_percent.o(.ARM.Collect$$_printf_percent$$00000000)
    .ARM.Collect$$_printf_percent$$00000009  0x080001fc   Section        6  _printf_d.o(.ARM.Collect$$_printf_percent$$00000009)
    .ARM.Collect$$_printf_percent$$00000017  0x08000202   Section        4  _printf_percent_end.o(.ARM.Collect$$_printf_percent$$00000017)
    .ARM.Collect$$libinit$$00000000          0x08000206   Section        2  libinit.o(.ARM.Collect$$libinit$$00000000)
    .ARM.Collect$$libinit$$00000001          0x08000208   Section        4  libinit2.o(.ARM.Collect$$libinit$$00000001)
    .ARM.Collect$$libinit$$00000004          0x0800020c   Section        0  libinit2.o(.ARM.Collect$$libinit$$00000004)
    .ARM.Collect$$libinit$$00000005          0x0800020c   Section        8  libinit2.o(.ARM.Collect$$libinit$$00000005)
    .ARM.Collect$$libinit$$0000000A          0x08000214   Section        0  libinit2.o(.ARM.Collect$$libinit$$0000000A)
    .ARM.Collect$$libinit$$0000000C          0x08000214   Section        0  libinit2.o(.ARM.Collect$$libinit$$0000000C)
    .ARM.Collect$$libinit$$0000000E          0x08000214   Section        0  libinit2.o(.ARM.Collect$$libinit$$0000000E)
    .ARM.Collect$$libinit$$00000011          0x08000214   Section        0  libinit2.o(.ARM.Collect$$libinit$$00000011)
    .ARM.Collect$$libinit$$00000013          0x08000214   Section        0  libinit2.o(.ARM.Collect$$libinit$$00000013)
    .ARM.Collect$$libinit$$00000015          0x08000214   Section        0  libinit2.o(.ARM.Collect$$libinit$$00000015)
    .ARM.Collect$$libinit$$00000017          0x08000214   Section        0  libinit2.o(.ARM.Collect$$libinit$$00000017)
    .ARM.Collect$$libinit$$00000019          0x08000214   Section        0  libinit2.o(.ARM.Collect$$libinit$$00000019)
    .ARM.Collect$$libinit$$0000001B          0x08000214   Section        0  libinit2.o(.ARM.Collect$$libinit$$0000001B)
    .ARM.Collect$$libinit$$0000001D          0x08000214   Section        0  libinit2.o(.ARM.Collect$$libinit$$0000001D)
    .ARM.Collect$$libinit$$0000001F          0x08000214   Section        0  libinit2.o(.ARM.Collect$$libinit$$0000001F)
    .ARM.Collect$$libinit$$00000021          0x08000214   Section        0  libinit2.o(.ARM.Collect$$libinit$$00000021)
    .ARM.Collect$$libinit$$00000023          0x08000214   Section        0  libinit2.o(.ARM.Collect$$libinit$$00000023)
    .ARM.Collect$$libinit$$00000024          0x08000214   Section        4  libinit2.o(.ARM.Collect$$libinit$$00000024)
    .ARM.Collect$$libinit$$00000025          0x08000218   Section        0  libinit2.o(.ARM.Collect$$libinit$$00000025)
    .ARM.Collect$$libinit$$0000002C          0x08000218   Section        0  libinit2.o(.ARM.Collect$$libinit$$0000002C)
    .ARM.Collect$$libinit$$0000002E          0x08000218   Section        0  libinit2.o(.ARM.Collect$$libinit$$0000002E)
    .ARM.Collect$$libinit$$00000030          0x08000218   Section        0  libinit2.o(.ARM.Collect$$libinit$$00000030)
    .ARM.Collect$$libinit$$00000032          0x08000218   Section        0  libinit2.o(.ARM.Collect$$libinit$$00000032)
    .ARM.Collect$$libinit$$00000033          0x08000218   Section        2  libinit2.o(.ARM.Collect$$libinit$$00000033)
    .ARM.Collect$$libshutdown$$00000000      0x0800021a   Section        2  libshutdown.o(.ARM.Collect$$libshutdown$$00000000)
    .ARM.Collect$$libshutdown$$00000002      0x0800021c   Section        0  libshutdown2.o(.ARM.Collect$$libshutdown$$00000002)
    .ARM.Collect$$libshutdown$$00000003      0x0800021c   Section        4  libshutdown2.o(.ARM.Collect$$libshutdown$$00000003)
    .ARM.Collect$$libshutdown$$00000004      0x08000220   Section        0  libshutdown2.o(.ARM.Collect$$libshutdown$$00000004)
    .ARM.Collect$$libshutdown$$00000007      0x08000220   Section        0  libshutdown2.o(.ARM.Collect$$libshutdown$$00000007)
    .ARM.Collect$$libshutdown$$0000000A      0x08000220   Section        0  libshutdown2.o(.ARM.Collect$$libshutdown$$0000000A)
    .ARM.Collect$$libshutdown$$0000000C      0x08000220   Section        0  libshutdown2.o(.ARM.Collect$$libshutdown$$0000000C)
    .ARM.Collect$$libshutdown$$0000000F      0x08000220   Section        0  libshutdown2.o(.ARM.Collect$$libshutdown$$0000000F)
    .ARM.Collect$$libshutdown$$00000010      0x08000220   Section        2  libshutdown2.o(.ARM.Collect$$libshutdown$$00000010)
    .ARM.Collect$$rtentry$$00000000          0x08000222   Section        0  __rtentry.o(.ARM.Collect$$rtentry$$00000000)
    .ARM.Collect$$rtentry$$00000002          0x08000222   Section        0  __rtentry2.o(.ARM.Collect$$rtentry$$00000002)
    .ARM.Collect$$rtentry$$00000004          0x08000222   Section        6  __rtentry4.o(.ARM.Collect$$rtentry$$00000004)
    .ARM.Collect$$rtentry$$00000009          0x08000228   Section        0  __rtentry2.o(.ARM.Collect$$rtentry$$00000009)
    .ARM.Collect$$rtentry$$0000000A          0x08000228   Section        4  __rtentry2.o(.ARM.Collect$$rtentry$$0000000A)
    .ARM.Collect$$rtentry$$0000000C          0x0800022c   Section        0  __rtentry2.o(.ARM.Collect$$rtentry$$0000000C)
    .ARM.Collect$$rtentry$$0000000D          0x0800022c   Section        8  __rtentry2.o(.ARM.Collect$$rtentry$$0000000D)
    .ARM.Collect$$rtexit$$00000000           0x08000234   Section        2  rtexit.o(.ARM.Collect$$rtexit$$00000000)
    .ARM.Collect$$rtexit$$00000002           0x08000236   Section        0  rtexit2.o(.ARM.Collect$$rtexit$$00000002)
    .ARM.Collect$$rtexit$$00000003           0x08000236   Section        4  rtexit2.o(.ARM.Collect$$rtexit$$00000003)
    .ARM.Collect$$rtexit$$00000004           0x0800023a   Section        6  rtexit2.o(.ARM.Collect$$rtexit$$00000004)
    $v0                                      0x08000240   Number         0  startup_stm32f407xx.o(.text)
    .text                                    0x08000240   Section       64  startup_stm32f407xx.o(.text)
    .text                                    0x08000280   Section        0  noretval__2printf.o(.text)
    .text                                    0x08000298   Section        0  __printf.o(.text)
    .text                                    0x08000300   Section        0  _printf_dec.o(.text)
    .text                                    0x08000378   Section        0  puts.o(.text)
    .text                                    0x080003a8   Section      124  strcmpv7em.o(.text)
    .text                                    0x08000424   Section        0  heapauxi.o(.text)
    .text                                    0x0800042a   Section        0  _printf_intcommon.o(.text)
    .text                                    0x080004dc   Section        0  _printf_char_file.o(.text)
    _printf_input_char                       0x08000501   Thumb Code    10  _printf_char_common.o(.text)
    .text                                    0x08000500   Section        0  _printf_char_common.o(.text)
    .text                                    0x08000530   Section        0  ferror.o(.text)
    .text                                    0x08000538   Section        0  flsbuf.o(.text)
    .text                                    0x08000710   Section        0  initio.o(.text)
    .text                                    0x08000848   Section       74  sys_stackheap_outer.o(.text)
    .text                                    0x08000892   Section        0  h1_alloc.o(.text)
    .text                                    0x080008f0   Section        0  h1_free.o(.text)
    .text                                    0x0800093e   Section        0  setvbuf.o(.text)
    .text                                    0x08000984   Section        0  stdio.o(.text)
    _freopen_locked                          0x08000a75   Thumb Code     0  fopen.o(.text)
    .text                                    0x08000a74   Section        0  fopen.o(.text)
    .text                                    0x08000b64   Section        0  fclose.o(.text)
    .text                                    0x08000bb0   Section        0  exit.o(.text)
    .text                                    0x08000bc2   Section        0  defsig_rtred_outer.o(.text)
    .text                                    0x08000bd0   Section       78  rt_memclr_w.o(.text)
    .text                                    0x08000c20   Section        8  libspace.o(.text)
    .text                                    0x08000c28   Section        8  rt_heap_descriptor_intlibspace.o(.text)
    .text                                    0x08000c30   Section        0  hguard.o(.text)
    .text                                    0x08000c34   Section        0  init_alloc.o(.text)
    .text                                    0x08000cbe   Section        0  h1_init.o(.text)
    .text                                    0x08000ccc   Section        0  fseek.o(.text)
    .text                                    0x08000dc4   Section        0  defsig_exit.o(.text)
    .text                                    0x08000dd0   Section        0  defsig_rtred_inner.o(.text)
    .text                                    0x08000e04   Section        0  sys_exit.o(.text)
    .text                                    0x08000e10   Section        0  maybetermalloc1.o(.text)
    .text                                    0x08000e10   Section        0  h1_extend.o(.text)
    .text                                    0x08000e44   Section        0  ftell.o(.text)
    .text                                    0x08000e86   Section        0  defsig_general.o(.text)
    .text                                    0x08000eb8   Section        0  defsig_rtmem_outer.o(.text)
    .text                                    0x08000ec6   Section        0  sys_wrch.o(.text)
    .text                                    0x08000ed4   Section        2  use_no_semi.o(.text)
    .text                                    0x08000ed6   Section        0  indicate_semi.o(.text)
    .text                                    0x08000ed8   Section        8  rt_errno_addr_intlibspace.o(.text)
    .text                                    0x08000ee0   Section        0  defsig_rtmem_inner.o(.text)
    [Anonymous Symbol]                       0x08000f30   Section        0  retarget_io.o(.text.ITM_SendChar)
    SysTick_Config                           0x08000f61   Thumb Code    36  main.o(.text.SysTick_Config)
    [Anonymous Symbol]                       0x08000f60   Section        0  main.o(.text.SysTick_Config)
    [Anonymous Symbol]                       0x08000f84   Section        0  main.o(.text.SysTick_Handler)
    [Anonymous Symbol]                       0x08000f9c   Section        0  system_stm32f4xx.o(.text.SystemCoreClockUpdate)
    [Anonymous Symbol]                       0x0800101c   Section        0  system_stm32f4xx.o(.text.SystemInit)
    __NVIC_SetPriority                       0x08001031   Thumb Code    14  main.o(.text.__NVIC_SetPriority)
    [Anonymous Symbol]                       0x08001030   Section        0  main.o(.text.__NVIC_SetPriority)
    [Anonymous Symbol]                       0x08001040   Section        0  pwm.o(.text._pwm_1SetDuty_raw)
    [Anonymous Symbol]                       0x08001050   Section        0  pwm.o(.text._pwm_2SetDuty_raw)
    [Anonymous Symbol]                       0x08001060   Section        0  pwm.o(.text._pwm_3SetDuty_raw)
    [Anonymous Symbol]                       0x08001070   Section        0  pwm.o(.text._pwm_4SetDuty_raw)
    [Anonymous Symbol]                       0x08001080   Section        0  retarget_io.o(.text._sys_close)
    [Anonymous Symbol]                       0x08001094   Section        0  retarget_io.o(.text._sys_flen)
    [Anonymous Symbol]                       0x08001098   Section        0  retarget_io.o(.text._sys_istty)
    [Anonymous Symbol]                       0x080010a8   Section        0  retarget_io.o(.text._sys_open)
    [Anonymous Symbol]                       0x0800110c   Section        0  retarget_io.o(.text._sys_seek)
    [Anonymous Symbol]                       0x08001114   Section        0  retarget_io.o(.text._sys_write)
    [Anonymous Symbol]                       0x08001158   Section        0  peripherials_init.o(.text.buttonInit)
    [Anonymous Symbol]                       0x08001178   Section        0  clock_config.o(.text.clockInit)
    [Anonymous Symbol]                       0x080012cc   Section        0  peripherials_init.o(.text.ledInitPWM)
    [Anonymous Symbol]                       0x08001328   Section        0  main.o(.text.main)
    [Anonymous Symbol]                       0x08001380   Section        0  pwm.o(.text.pwm_SetDuty)
    stderr_putchar                           0x0800148d   Thumb Code     8  retarget_io.o(.text.stderr_putchar)
    [Anonymous Symbol]                       0x0800148c   Section        0  retarget_io.o(.text.stderr_putchar)
    stdout_putchar                           0x08001495   Thumb Code     8  retarget_io.o(.text.stdout_putchar)
    [Anonymous Symbol]                       0x08001494   Section        0  retarget_io.o(.text.stdout_putchar)
    [Anonymous Symbol]                       0x0800149c   Section        0  peripherials_init.o(.text.tim4Init)
    i.fputc                                  0x08001538   Section        0  fputc.o(i.fputc)
    $v0                                      0x08001552   Number         0  dcmpi.o(x$fpl$dcmpinf)
    x$fpl$dcmpinf                            0x08001552   Section       24  dcmpi.o(x$fpl$dcmpinf)
    $v0                                      0x0800156c   Number         0  ddiv.o(x$fpl$ddiv)
    x$fpl$ddiv                               0x0800156c   Section      692  ddiv.o(x$fpl$ddiv)
    ddiv_entry                               0x08001573   Thumb Code     0  ddiv.o(x$fpl$ddiv)
    $v0                                      0x08001820   Number         0  deqf.o(x$fpl$deqf)
    x$fpl$deqf                               0x08001820   Section      120  deqf.o(x$fpl$deqf)
    $v0                                      0x08001898   Number         0  dfixu.o(x$fpl$dfixu)
    x$fpl$dfixu                              0x08001898   Section       90  dfixu.o(x$fpl$dfixu)
    $v0                                      0x080018f2   Number         0  dflt_clz.o(x$fpl$dfltu)
    x$fpl$dfltu                              0x080018f2   Section       38  dflt_clz.o(x$fpl$dfltu)
    $v0                                      0x08001918   Number         0  dgeqf.o(x$fpl$dgeqf)
    x$fpl$dgeqf                              0x08001918   Section      120  dgeqf.o(x$fpl$dgeqf)
    $v0                                      0x08001990   Number         0  dleqf.o(x$fpl$dleqf)
    x$fpl$dleqf                              0x08001990   Section      120  dleqf.o(x$fpl$dleqf)
    $v0                                      0x08001a08   Number         0  dmul.o(x$fpl$dmul)
    x$fpl$dmul                               0x08001a08   Section      340  dmul.o(x$fpl$dmul)
    $v0                                      0x08001b5c   Number         0  dnaninf.o(x$fpl$dnaninf)
    x$fpl$dnaninf                            0x08001b5c   Section      156  dnaninf.o(x$fpl$dnaninf)
    $v0                                      0x08001bf8   Number         0  dretinf.o(x$fpl$dretinf)
    x$fpl$dretinf                            0x08001bf8   Section       12  dretinf.o(x$fpl$dretinf)
    $v0                                      0x08001c04   Number         0  dcmp.o(x$fpl$fcmp)
    x$fpl$fcmp                               0x08001c04   Section       84  dcmp.o(x$fpl$fcmp)
    $v0                                      0x08001c58   Number         0  fpinit.o(x$fpl$fpinit)
    x$fpl$fpinit                             0x08001c58   Section       26  fpinit.o(x$fpl$fpinit)
    x$fpl$usenofp                            0x08001c72   Section        0  usenofp.o(x$fpl$usenofp)
    .Lstr                                    0x08001c99   Data          55  clock_config.o(.rodata.str1.1)
    [Anonymous Symbol]                       0x08001c99   Section        0  clock_config.o(.rodata.str1.1)
    .data                                    0x20000000   Section        4  stdio_streams.o(.data)
    .data                                    0x20000004   Section        4  stdio_streams.o(.data)
    .data                                    0x20000008   Section        4  stdio_streams.o(.data)
    .bss                                     0x20000010   Section       84  stdio_streams.o(.bss)
    .bss                                     0x20000064   Section       84  stdio_streams.o(.bss)
    .bss                                     0x200000b8   Section       84  stdio_streams.o(.bss)
    .bss                                     0x2000010c   Section       96  libspace.o(.bss)
    Heap_Mem                                 0x20000170   Data         512  startup_stm32f407xx.o(HEAP)
    HEAP                                     0x20000170   Section      512  startup_stm32f407xx.o(HEAP)
    Stack_Mem                                0x20000370   Data        1024  startup_stm32f407xx.o(STACK)
    STACK                                    0x20000370   Section     1024  startup_stm32f407xx.o(STACK)
    __initial_sp                             0x20000770   Data           0  startup_stm32f407xx.o(STACK)

    Global Symbols

    Symbol Name                              Value     Ov Type        Size  Object(Section)

    BuildAttributes$$THM_ISAv4$E$P$D$K$B$S$7EM$VFPi3$EXTD16$VFPS$VFMA$PE$A:L22UL41UL21$X:L11$S22US41US21$IEEE1$IW$~IW$USESV6$~STKCKD$USESV7$~SHL$OTIME$ROPI$EBA8$UX$STANDARDLIB$REQ8$PRES8$EABIv2 0x00000000   Number         0  anon$$obj.o ABSOLUTE
    __ARM_exceptions_init                     - Undefined Weak Reference
    __alloca_initialize                       - Undefined Weak Reference
    __arm_preinit_                            - Undefined Weak Reference
    __cpp_initialize__aeabi_                  - Undefined Weak Reference
    __cxa_finalize                            - Undefined Weak Reference
    __rt_locale                               - Undefined Weak Reference
    __sigvec_lookup                           - Undefined Weak Reference
    __user_heap_extent                        - Undefined Weak Reference
    _atexit_init                              - Undefined Weak Reference
    _call_atexit_fns                          - Undefined Weak Reference
    _clock_init                               - Undefined Weak Reference
    _fp_trap_init                             - Undefined Weak Reference
    _fp_trap_shutdown                         - Undefined Weak Reference
    _get_lc_collate                           - Undefined Weak Reference
    _get_lc_ctype                             - Undefined Weak Reference
    _get_lc_monetary                          - Undefined Weak Reference
    _get_lc_numeric                           - Undefined Weak Reference
    _get_lc_time                              - Undefined Weak Reference
    _getenv_init                              - Undefined Weak Reference
    _handle_redirection                       - Undefined Weak Reference
    _mutex_acquire                            - Undefined Weak Reference
    _mutex_free                               - Undefined Weak Reference
    _mutex_release                            - Undefined Weak Reference
    _printf_post_padding                      - Undefined Weak Reference
    _printf_pre_padding                       - Undefined Weak Reference
    _printf_truncate_signed                   - Undefined Weak Reference
    _printf_truncate_unsigned                 - Undefined Weak Reference
    _rand_init                                - Undefined Weak Reference
    _signal_finish                            - Undefined Weak Reference
    _signal_init                              - Undefined Weak Reference
    __Vectors_Size                           0x00000188   Number         0  startup_stm32f407xx.o ABSOLUTE
    __Vectors                                0x08000000   Data           4  startup_stm32f407xx.o(RESET)
    __Vectors_End                            0x08000188   Data           0  startup_stm32f407xx.o(RESET)
    __main                                   0x08000189   Thumb Code     8  __main.o(!!!main)
    __scatterload                            0x08000191   Thumb Code     0  __scatter.o(!!!scatter)
    __scatterload_rt2                        0x08000191   Thumb Code    44  __scatter.o(!!!scatter)
    __scatterload_rt2_thumb_only             0x08000191   Thumb Code     0  __scatter.o(!!!scatter)
    __scatterload_null                       0x0800019f   Thumb Code     0  __scatter.o(!!!scatter)
    __scatterload_copy                       0x080001c5   Thumb Code    26  __scatter_copy.o(!!handler_copy)
    __scatterload_zeroinit                   0x080001e1   Thumb Code    28  __scatter_zi.o(!!handler_zi)
    _printf_d                                0x080001fd   Thumb Code     0  _printf_d.o(.ARM.Collect$$_printf_percent$$00000009)
    _printf_percent                          0x080001fd   Thumb Code     0  _printf_percent.o(.ARM.Collect$$_printf_percent$$00000000)
    _printf_percent_end                      0x08000203   Thumb Code     0  _printf_percent_end.o(.ARM.Collect$$_printf_percent$$00000017)
    __rt_lib_init                            0x08000207   Thumb Code     0  libinit.o(.ARM.Collect$$libinit$$00000000)
    __rt_lib_init_fp_1                       0x08000209   Thumb Code     0  libinit2.o(.ARM.Collect$$libinit$$00000001)
    __rt_lib_init_heap_2                     0x0800020d   Thumb Code     0  libinit2.o(.ARM.Collect$$libinit$$00000005)
    __rt_lib_init_preinit_1                  0x0800020d   Thumb Code     0  libinit2.o(.ARM.Collect$$libinit$$00000004)
    __rt_lib_init_atexit_1                   0x08000215   Thumb Code     0  libinit2.o(.ARM.Collect$$libinit$$0000001B)
    __rt_lib_init_clock_1                    0x08000215   Thumb Code     0  libinit2.o(.ARM.Collect$$libinit$$00000021)
    __rt_lib_init_fp_trap_1                  0x08000215   Thumb Code     0  libinit2.o(.ARM.Collect$$libinit$$0000001F)
    __rt_lib_init_getenv_1                   0x08000215   Thumb Code     0  libinit2.o(.ARM.Collect$$libinit$$00000023)
    __rt_lib_init_heap_1                     0x08000215   Thumb Code     0  libinit2.o(.ARM.Collect$$libinit$$0000000A)
    __rt_lib_init_lc_collate_1               0x08000215   Thumb Code     0  libinit2.o(.ARM.Collect$$libinit$$00000011)
    __rt_lib_init_lc_ctype_1                 0x08000215   Thumb Code     0  libinit2.o(.ARM.Collect$$libinit$$00000013)
    __rt_lib_init_lc_monetary_1              0x08000215   Thumb Code     0  libinit2.o(.ARM.Collect$$libinit$$00000015)
    __rt_lib_init_lc_numeric_1               0x08000215   Thumb Code     0  libinit2.o(.ARM.Collect$$libinit$$00000017)
    __rt_lib_init_lc_time_1                  0x08000215   Thumb Code     0  libinit2.o(.ARM.Collect$$libinit$$00000019)
    __rt_lib_init_rand_1                     0x08000215   Thumb Code     0  libinit2.o(.ARM.Collect$$libinit$$0000000E)
    __rt_lib_init_signal_1                   0x08000215   Thumb Code     0  libinit2.o(.ARM.Collect$$libinit$$0000001D)
    __rt_lib_init_stdio_2                    0x08000215   Thumb Code     0  libinit2.o(.ARM.Collect$$libinit$$00000024)
    __rt_lib_init_user_alloc_1               0x08000215   Thumb Code     0  libinit2.o(.ARM.Collect$$libinit$$0000000C)
    __rt_lib_init_alloca_1                   0x08000219   Thumb Code     0  libinit2.o(.ARM.Collect$$libinit$$0000002E)
    __rt_lib_init_argv_1                     0x08000219   Thumb Code     0  libinit2.o(.ARM.Collect$$libinit$$0000002C)
    __rt_lib_init_cpp_1                      0x08000219   Thumb Code     0  libinit2.o(.ARM.Collect$$libinit$$00000032)
    __rt_lib_init_exceptions_1               0x08000219   Thumb Code     0  libinit2.o(.ARM.Collect$$libinit$$00000030)
    __rt_lib_init_return                     0x08000219   Thumb Code     0  libinit2.o(.ARM.Collect$$libinit$$00000033)
    __rt_lib_init_stdio_1                    0x08000219   Thumb Code     0  libinit2.o(.ARM.Collect$$libinit$$00000025)
    __rt_lib_shutdown                        0x0800021b   Thumb Code     0  libshutdown.o(.ARM.Collect$$libshutdown$$00000000)
    __rt_lib_shutdown_cpp_1                  0x0800021d   Thumb Code     0  libshutdown2.o(.ARM.Collect$$libshutdown$$00000002)
    __rt_lib_shutdown_stdio_2                0x0800021d   Thumb Code     0  libshutdown2.o(.ARM.Collect$$libshutdown$$00000003)
    __rt_lib_shutdown_fp_trap_1              0x08000221   Thumb Code     0  libshutdown2.o(.ARM.Collect$$libshutdown$$00000007)
    __rt_lib_shutdown_heap_1                 0x08000221   Thumb Code     0  libshutdown2.o(.ARM.Collect$$libshutdown$$0000000F)
    __rt_lib_shutdown_return                 0x08000221   Thumb Code     0  libshutdown2.o(.ARM.Collect$$libshutdown$$00000010)
    __rt_lib_shutdown_signal_1               0x08000221   Thumb Code     0  libshutdown2.o(.ARM.Collect$$libshutdown$$0000000A)
    __rt_lib_shutdown_stdio_1                0x08000221   Thumb Code     0  libshutdown2.o(.ARM.Collect$$libshutdown$$00000004)
    __rt_lib_shutdown_user_alloc_1           0x08000221   Thumb Code     0  libshutdown2.o(.ARM.Collect$$libshutdown$$0000000C)
    __rt_entry                               0x08000223   Thumb Code     0  __rtentry.o(.ARM.Collect$$rtentry$$00000000)
    __rt_entry_presh_1                       0x08000223   Thumb Code     0  __rtentry2.o(.ARM.Collect$$rtentry$$00000002)
    __rt_entry_sh                            0x08000223   Thumb Code     0  __rtentry4.o(.ARM.Collect$$rtentry$$00000004)
    __rt_entry_li                            0x08000229   Thumb Code     0  __rtentry2.o(.ARM.Collect$$rtentry$$0000000A)
    __rt_entry_postsh_1                      0x08000229   Thumb Code     0  __rtentry2.o(.ARM.Collect$$rtentry$$00000009)
    __rt_entry_main                          0x0800022d   Thumb Code     0  __rtentry2.o(.ARM.Collect$$rtentry$$0000000D)
    __rt_entry_postli_1                      0x0800022d   Thumb Code     0  __rtentry2.o(.ARM.Collect$$rtentry$$0000000C)
    __rt_exit                                0x08000235   Thumb Code     0  rtexit.o(.ARM.Collect$$rtexit$$00000000)
    __rt_exit_ls                             0x08000237   Thumb Code     0  rtexit2.o(.ARM.Collect$$rtexit$$00000003)
    __rt_exit_prels_1                        0x08000237   Thumb Code     0  rtexit2.o(.ARM.Collect$$rtexit$$00000002)
    __rt_exit_exit                           0x0800023b   Thumb Code     0  rtexit2.o(.ARM.Collect$$rtexit$$00000004)
    Reset_Handler                            0x08000241   Thumb Code     8  startup_stm32f407xx.o(.text)
    NMI_Handler                              0x08000249   Thumb Code     2  startup_stm32f407xx.o(.text)
    HardFault_Handler                        0x0800024b   Thumb Code     2  startup_stm32f407xx.o(.text)
    MemManage_Handler                        0x0800024d   Thumb Code     2  startup_stm32f407xx.o(.text)
    BusFault_Handler                         0x0800024f   Thumb Code     2  startup_stm32f407xx.o(.text)
    UsageFault_Handler                       0x08000251   Thumb Code     2  startup_stm32f407xx.o(.text)
    SVC_Handler                              0x08000253   Thumb Code     2  startup_stm32f407xx.o(.text)
    DebugMon_Handler                         0x08000255   Thumb Code     2  startup_stm32f407xx.o(.text)
    PendSV_Handler                           0x08000257   Thumb Code     2  startup_stm32f407xx.o(.text)
    ADC_IRQHandler                           0x0800025b   Thumb Code     0  startup_stm32f407xx.o(.text)
    CAN1_RX0_IRQHandler                      0x0800025b   Thumb Code     0  startup_stm32f407xx.o(.text)
    CAN1_RX1_IRQHandler                      0x0800025b   Thumb Code     0  startup_stm32f407xx.o(.text)
    CAN1_SCE_IRQHandler                      0x0800025b   Thumb Code     0  startup_stm32f407xx.o(.text)
    CAN1_TX_IRQHandler                       0x0800025b   Thumb Code     0  startup_stm32f407xx.o(.text)
    CAN2_RX0_IRQHandler                      0x0800025b   Thumb Code     0  startup_stm32f407xx.o(.text)
    CAN2_RX1_IRQHandler                      0x0800025b   Thumb Code     0  startup_stm32f407xx.o(.text)
    CAN2_SCE_IRQHandler                      0x0800025b   Thumb Code     0  startup_stm32f407xx.o(.text)
    CAN2_TX_IRQHandler                       0x0800025b   Thumb Code     0  startup_stm32f407xx.o(.text)
    DCMI_IRQHandler                          0x0800025b   Thumb Code     0  startup_stm32f407xx.o(.text)
    DMA1_Stream0_IRQHandler                  0x0800025b   Thumb Code     0  startup_stm32f407xx.o(.text)
    DMA1_Stream1_IRQHandler                  0x0800025b   Thumb Code     0  startup_stm32f407xx.o(.text)
    DMA1_Stream2_IRQHandler                  0x0800025b   Thumb Code     0  startup_stm32f407xx.o(.text)
    DMA1_Stream3_IRQHandler                  0x0800025b   Thumb Code     0  startup_stm32f407xx.o(.text)
    DMA1_Stream4_IRQHandler                  0x0800025b   Thumb Code     0  startup_stm32f407xx.o(.text)
    DMA1_Stream5_IRQHandler                  0x0800025b   Thumb Code     0  startup_stm32f407xx.o(.text)
    DMA1_Stream6_IRQHandler                  0x0800025b   Thumb Code     0  startup_stm32f407xx.o(.text)
    DMA1_Stream7_IRQHandler                  0x0800025b   Thumb Code     0  startup_stm32f407xx.o(.text)
    DMA2_Stream0_IRQHandler                  0x0800025b   Thumb Code     0  startup_stm32f407xx.o(.text)
    DMA2_Stream1_IRQHandler                  0x0800025b   Thumb Code     0  startup_stm32f407xx.o(.text)
    DMA2_Stream2_IRQHandler                  0x0800025b   Thumb Code     0  startup_stm32f407xx.o(.text)
    DMA2_Stream3_IRQHandler                  0x0800025b   Thumb Code     0  startup_stm32f407xx.o(.text)
    DMA2_Stream4_IRQHandler                  0x0800025b   Thumb Code     0  startup_stm32f407xx.o(.text)
    DMA2_Stream5_IRQHandler                  0x0800025b   Thumb Code     0  startup_stm32f407xx.o(.text)
    DMA2_Stream6_IRQHandler                  0x0800025b   Thumb Code     0  startup_stm32f407xx.o(.text)
    DMA2_Stream7_IRQHandler                  0x0800025b   Thumb Code     0  startup_stm32f407xx.o(.text)
    ETH_IRQHandler                           0x0800025b   Thumb Code     0  startup_stm32f407xx.o(.text)
    ETH_WKUP_IRQHandler                      0x0800025b   Thumb Code     0  startup_stm32f407xx.o(.text)
    EXTI0_IRQHandler                         0x0800025b   Thumb Code     0  startup_stm32f407xx.o(.text)
    EXTI15_10_IRQHandler                     0x0800025b   Thumb Code     0  startup_stm32f407xx.o(.text)
    EXTI1_IRQHandler                         0x0800025b   Thumb Code     0  startup_stm32f407xx.o(.text)
    EXTI2_IRQHandler                         0x0800025b   Thumb Code     0  startup_stm32f407xx.o(.text)
    EXTI3_IRQHandler                         0x0800025b   Thumb Code     0  startup_stm32f407xx.o(.text)
    EXTI4_IRQHandler                         0x0800025b   Thumb Code     0  startup_stm32f407xx.o(.text)
    EXTI9_5_IRQHandler                       0x0800025b   Thumb Code     0  startup_stm32f407xx.o(.text)
    FLASH_IRQHandler                         0x0800025b   Thumb Code     0  startup_stm32f407xx.o(.text)
    FMC_IRQHandler                           0x0800025b   Thumb Code     0  startup_stm32f407xx.o(.text)
    FPU_IRQHandler                           0x0800025b   Thumb Code     0  startup_stm32f407xx.o(.text)
    HASH_RNG_IRQHandler                      0x0800025b   Thumb Code     0  startup_stm32f407xx.o(.text)
    I2C1_ER_IRQHandler                       0x0800025b   Thumb Code     0  startup_stm32f407xx.o(.text)
    I2C1_EV_IRQHandler                       0x0800025b   Thumb Code     0  startup_stm32f407xx.o(.text)
    I2C2_ER_IRQHandler                       0x0800025b   Thumb Code     0  startup_stm32f407xx.o(.text)
    I2C2_EV_IRQHandler                       0x0800025b   Thumb Code     0  startup_stm32f407xx.o(.text)
    I2C3_ER_IRQHandler                       0x0800025b   Thumb Code     0  startup_stm32f407xx.o(.text)
    I2C3_EV_IRQHandler                       0x0800025b   Thumb Code     0  startup_stm32f407xx.o(.text)
    OTG_FS_IRQHandler                        0x0800025b   Thumb Code     0  startup_stm32f407xx.o(.text)
    OTG_FS_WKUP_IRQHandler                   0x0800025b   Thumb Code     0  startup_stm32f407xx.o(.text)
    OTG_HS_EP1_IN_IRQHandler                 0x0800025b   Thumb Code     0  startup_stm32f407xx.o(.text)
    OTG_HS_EP1_OUT_IRQHandler                0x0800025b   Thumb Code     0  startup_stm32f407xx.o(.text)
    OTG_HS_IRQHandler                        0x0800025b   Thumb Code     0  startup_stm32f407xx.o(.text)
    OTG_HS_WKUP_IRQHandler                   0x0800025b   Thumb Code     0  startup_stm32f407xx.o(.text)
    PVD_IRQHandler                           0x0800025b   Thumb Code     0  startup_stm32f407xx.o(.text)
    RCC_IRQHandler                           0x0800025b   Thumb Code     0  startup_stm32f407xx.o(.text)
    RTC_Alarm_IRQHandler                     0x0800025b   Thumb Code     0  startup_stm32f407xx.o(.text)
    RTC_WKUP_IRQHandler                      0x0800025b   Thumb Code     0  startup_stm32f407xx.o(.text)
    SDIO_IRQHandler                          0x0800025b   Thumb Code     0  startup_stm32f407xx.o(.text)
    SPI1_IRQHandler                          0x0800025b   Thumb Code     0  startup_stm32f407xx.o(.text)
    SPI2_IRQHandler                          0x0800025b   Thumb Code     0  startup_stm32f407xx.o(.text)
    SPI3_IRQHandler                          0x0800025b   Thumb Code     0  startup_stm32f407xx.o(.text)
    TAMP_STAMP_IRQHandler                    0x0800025b   Thumb Code     0  startup_stm32f407xx.o(.text)
    TIM1_BRK_TIM9_IRQHandler                 0x0800025b   Thumb Code     0  startup_stm32f407xx.o(.text)
    TIM1_CC_IRQHandler                       0x0800025b   Thumb Code     0  startup_stm32f407xx.o(.text)
    TIM1_TRG_COM_TIM11_IRQHandler            0x0800025b   Thumb Code     0  startup_stm32f407xx.o(.text)
    TIM1_UP_TIM10_IRQHandler                 0x0800025b   Thumb Code     0  startup_stm32f407xx.o(.text)
    TIM2_IRQHandler                          0x0800025b   Thumb Code     0  startup_stm32f407xx.o(.text)
    TIM3_IRQHandler                          0x0800025b   Thumb Code     0  startup_stm32f407xx.o(.text)
    TIM4_IRQHandler                          0x0800025b   Thumb Code     0  startup_stm32f407xx.o(.text)
    TIM5_IRQHandler                          0x0800025b   Thumb Code     0  startup_stm32f407xx.o(.text)
    TIM6_DAC_IRQHandler                      0x0800025b   Thumb Code     0  startup_stm32f407xx.o(.text)
    TIM7_IRQHandler                          0x0800025b   Thumb Code     0  startup_stm32f407xx.o(.text)
    TIM8_BRK_TIM12_IRQHandler                0x0800025b   Thumb Code     0  startup_stm32f407xx.o(.text)
    TIM8_CC_IRQHandler                       0x0800025b   Thumb Code     0  startup_stm32f407xx.o(.text)
    TIM8_TRG_COM_TIM14_IRQHandler            0x0800025b   Thumb Code     0  startup_stm32f407xx.o(.text)
    TIM8_UP_TIM13_IRQHandler                 0x0800025b   Thumb Code     0  startup_stm32f407xx.o(.text)
    UART4_IRQHandler                         0x0800025b   Thumb Code     0  startup_stm32f407xx.o(.text)
    UART5_IRQHandler                         0x0800025b   Thumb Code     0  startup_stm32f407xx.o(.text)
    USART1_IRQHandler                        0x0800025b   Thumb Code     0  startup_stm32f407xx.o(.text)
    USART2_IRQHandler                        0x0800025b   Thumb Code     0  startup_stm32f407xx.o(.text)
    USART3_IRQHandler                        0x0800025b   Thumb Code     0  startup_stm32f407xx.o(.text)
    USART6_IRQHandler                        0x0800025b   Thumb Code     0  startup_stm32f407xx.o(.text)
    WWDG_IRQHandler                          0x0800025b   Thumb Code     0  startup_stm32f407xx.o(.text)
    __user_initial_stackheap                 0x0800025d   Thumb Code     0  startup_stm32f407xx.o(.text)
    __2printf                                0x08000281   Thumb Code    20  noretval__2printf.o(.text)
    __printf                                 0x08000299   Thumb Code   104  __printf.o(.text)
    _printf_int_dec                          0x08000301   Thumb Code   104  _printf_dec.o(.text)
    puts                                     0x08000379   Thumb Code    40  puts.o(.text)
    strcmp                                   0x080003a9   Thumb Code   124  strcmpv7em.o(.text)
    __use_two_region_memory                  0x08000425   Thumb Code     2  heapauxi.o(.text)
    __rt_heap_escrow                         0x08000427   Thumb Code     2  heapauxi.o(.text)
    __rt_heap_expand                         0x08000429   Thumb Code     2  heapauxi.o(.text)
    _printf_int_common                       0x0800042b   Thumb Code   178  _printf_intcommon.o(.text)
    _printf_char_file                        0x080004dd   Thumb Code    32  _printf_char_file.o(.text)
    _printf_char_common                      0x0800050b   Thumb Code    32  _printf_char_common.o(.text)
    ferror                                   0x08000531   Thumb Code     8  ferror.o(.text)
    __flsbuf                                 0x08000539   Thumb Code   470  flsbuf.o(.text)
    __flsbuf_byte                            0x08000539   Thumb Code     0  flsbuf.o(.text)
    __flsbuf_wide                            0x08000539   Thumb Code     0  flsbuf.o(.text)
    _initio                                  0x08000711   Thumb Code   210  initio.o(.text)
    _terminateio                             0x080007e3   Thumb Code    56  initio.o(.text)
    __user_setup_stackheap                   0x08000849   Thumb Code    74  sys_stackheap_outer.o(.text)
    malloc                                   0x08000893   Thumb Code    94  h1_alloc.o(.text)
    free                                     0x080008f1   Thumb Code    78  h1_free.o(.text)
    setvbuf                                  0x0800093f   Thumb Code    70  setvbuf.o(.text)
    _seterr                                  0x08000985   Thumb Code    20  stdio.o(.text)
    _writebuf                                0x08000999   Thumb Code    84  stdio.o(.text)
    _fflush                                  0x080009ed   Thumb Code    70  stdio.o(.text)
    _deferredlazyseek                        0x08000a33   Thumb Code    60  stdio.o(.text)
    freopen                                  0x08000a75   Thumb Code   160  fopen.o(.text)
    fopen                                    0x08000b15   Thumb Code    74  fopen.o(.text)
    _fclose_internal                         0x08000b65   Thumb Code    76  fclose.o(.text)
    fclose                                   0x08000b65   Thumb Code     0  fclose.o(.text)
    exit                                     0x08000bb1   Thumb Code    18  exit.o(.text)
    __rt_SIGRTRED                            0x08000bc3   Thumb Code    14  defsig_rtred_outer.o(.text)
    __aeabi_memclr4                          0x08000bd1   Thumb Code     0  rt_memclr_w.o(.text)
    __aeabi_memclr8                          0x08000bd1   Thumb Code     0  rt_memclr_w.o(.text)
    __rt_memclr_w                            0x08000bd1   Thumb Code     0  rt_memclr_w.o(.text)
    _memset_w                                0x08000bd5   Thumb Code    74  rt_memclr_w.o(.text)
    __user_libspace                          0x08000c21   Thumb Code     8  libspace.o(.text)
    __user_perproc_libspace                  0x08000c21   Thumb Code     0  libspace.o(.text)
    __user_perthread_libspace                0x08000c21   Thumb Code     0  libspace.o(.text)
    __rt_heap_descriptor                     0x08000c29   Thumb Code     8  rt_heap_descriptor_intlibspace.o(.text)
    __use_no_heap                            0x08000c31   Thumb Code     2  hguard.o(.text)
    __heap$guard                             0x08000c33   Thumb Code     2  hguard.o(.text)
    _terminate_user_alloc                    0x08000c35   Thumb Code     2  init_alloc.o(.text)
    _init_user_alloc                         0x08000c37   Thumb Code     2  init_alloc.o(.text)
    __Heap_Full                              0x08000c39   Thumb Code    34  init_alloc.o(.text)
    __Heap_Broken                            0x08000c5b   Thumb Code     6  init_alloc.o(.text)
    _init_alloc                              0x08000c61   Thumb Code    94  init_alloc.o(.text)
    __Heap_Initialize                        0x08000cbf   Thumb Code    10  h1_init.o(.text)
    __Heap_DescSize                          0x08000cc9   Thumb Code     4  h1_init.o(.text)
    _fseek                                   0x08000ccd   Thumb Code   242  fseek.o(.text)
    fseek                                    0x08000ccd   Thumb Code     0  fseek.o(.text)
    __sig_exit                               0x08000dc5   Thumb Code    10  defsig_exit.o(.text)
    __rt_SIGRTRED_inner                      0x08000dd1   Thumb Code    14  defsig_rtred_inner.o(.text)
    _sys_exit                                0x08000e05   Thumb Code     8  sys_exit.o(.text)
    __Heap_ProvideMemory                     0x08000e11   Thumb Code    52  h1_extend.o(.text)
    _maybe_terminate_alloc                   0x08000e11   Thumb Code     0  maybetermalloc1.o(.text)
    _ftell_internal                          0x08000e45   Thumb Code    66  ftell.o(.text)
    ftell                                    0x08000e45   Thumb Code     0  ftell.o(.text)
    __default_signal_display                 0x08000e87   Thumb Code    50  defsig_general.o(.text)
    __rt_SIGRTMEM                            0x08000eb9   Thumb Code    14  defsig_rtmem_outer.o(.text)
    _ttywrch                                 0x08000ec7   Thumb Code    14  sys_wrch.o(.text)
    __I$use$semihosting                      0x08000ed5   Thumb Code     0  use_no_semi.o(.text)
    __use_no_semihosting_swi                 0x08000ed5   Thumb Code     2  use_no_semi.o(.text)
    __semihosting_library_function           0x08000ed7   Thumb Code     0  indicate_semi.o(.text)
    __aeabi_errno_addr                       0x08000ed9   Thumb Code     8  rt_errno_addr_intlibspace.o(.text)
    __errno$intlibspace                      0x08000ed9   Thumb Code     0  rt_errno_addr_intlibspace.o(.text)
    __rt_errno_addr$intlibspace              0x08000ed9   Thumb Code     0  rt_errno_addr_intlibspace.o(.text)
    __rt_SIGRTMEM_inner                      0x08000ee1   Thumb Code    22  defsig_rtmem_inner.o(.text)
    ITM_SendChar                             0x08000f31   Thumb Code    46  retarget_io.o(.text.ITM_SendChar)
    SysTick_Handler                          0x08000f85   Thumb Code    24  main.o(.text.SysTick_Handler)
    SystemCoreClockUpdate                    0x08000f9d   Thumb Code   126  system_stm32f4xx.o(.text.SystemCoreClockUpdate)
    SystemInit                               0x0800101d   Thumb Code    18  system_stm32f4xx.o(.text.SystemInit)
    _pwm_1SetDuty_raw                        0x08001041   Thumb Code    16  pwm.o(.text._pwm_1SetDuty_raw)
    _pwm_2SetDuty_raw                        0x08001051   Thumb Code    16  pwm.o(.text._pwm_2SetDuty_raw)
    _pwm_3SetDuty_raw                        0x08001061   Thumb Code    16  pwm.o(.text._pwm_3SetDuty_raw)
    _pwm_4SetDuty_raw                        0x08001071   Thumb Code    16  pwm.o(.text._pwm_4SetDuty_raw)
    _sys_close                               0x08001081   Thumb Code    18  retarget_io.o(.text._sys_close)
    _sys_flen                                0x08001095   Thumb Code     4  retarget_io.o(.text._sys_flen)
    _sys_istty                               0x08001099   Thumb Code    16  retarget_io.o(.text._sys_istty)
    _sys_open                                0x080010a9   Thumb Code    76  retarget_io.o(.text._sys_open)
    _sys_seek                                0x0800110d   Thumb Code     6  retarget_io.o(.text._sys_seek)
    _sys_write                               0x08001115   Thumb Code    66  retarget_io.o(.text._sys_write)
    buttonInit                               0x08001159   Thumb Code    32  peripherials_init.o(.text.buttonInit)
    clockInit                                0x08001179   Thumb Code   236  clock_config.o(.text.clockInit)
    ledInitPWM                               0x080012cd   Thumb Code    90  peripherials_init.o(.text.ledInitPWM)
    main                                     0x08001329   Thumb Code    88  main.o(.text.main)
    pwm_SetDuty                              0x08001381   Thumb Code   200  pwm.o(.text.pwm_SetDuty)
    tim4Init                                 0x0800149d   Thumb Code   156  peripherials_init.o(.text.tim4Init)
    fputc                                    0x08001539   Thumb Code    26  fputc.o(i.fputc)
    __fpl_dcmp_Inf                           0x08001553   Thumb Code    24  dcmpi.o(x$fpl$dcmpinf)
    __aeabi_ddiv                             0x0800156d   Thumb Code     0  ddiv.o(x$fpl$ddiv)
    _ddiv                                    0x0800156d   Thumb Code   556  ddiv.o(x$fpl$ddiv)
    __aeabi_cdcmpeq                          0x08001821   Thumb Code     0  deqf.o(x$fpl$deqf)
    _dcmpeq                                  0x08001821   Thumb Code   120  deqf.o(x$fpl$deqf)
    __aeabi_d2uiz                            0x08001899   Thumb Code     0  dfixu.o(x$fpl$dfixu)
    _dfixu                                   0x08001899   Thumb Code    90  dfixu.o(x$fpl$dfixu)
    __aeabi_ui2d                             0x080018f3   Thumb Code     0  dflt_clz.o(x$fpl$dfltu)
    _dfltu                                   0x080018f3   Thumb Code    38  dflt_clz.o(x$fpl$dfltu)
    __aeabi_cdcmpge                          0x08001919   Thumb Code     0  dgeqf.o(x$fpl$dgeqf)
    _dcmpge                                  0x08001919   Thumb Code   120  dgeqf.o(x$fpl$dgeqf)
    __aeabi_cdcmple                          0x08001991   Thumb Code     0  dleqf.o(x$fpl$dleqf)
    _dcmple                                  0x08001991   Thumb Code   120  dleqf.o(x$fpl$dleqf)
    __fpl_dcmple_InfNaN                      0x080019f3   Thumb Code     0  dleqf.o(x$fpl$dleqf)
    __aeabi_dmul                             0x08001a09   Thumb Code     0  dmul.o(x$fpl$dmul)
    _dmul                                    0x08001a09   Thumb Code   332  dmul.o(x$fpl$dmul)
    __fpl_dnaninf                            0x08001b5d   Thumb Code   156  dnaninf.o(x$fpl$dnaninf)
    __fpl_dretinf                            0x08001bf9   Thumb Code    12  dretinf.o(x$fpl$dretinf)
    __aeabi_dcmpeq                           0x08001c05   Thumb Code     0  dcmp.o(x$fpl$fcmp)
    _deq                                     0x08001c05   Thumb Code    14  dcmp.o(x$fpl$fcmp)
    _dneq                                    0x08001c13   Thumb Code    14  dcmp.o(x$fpl$fcmp)
    __aeabi_dcmpgt                           0x08001c21   Thumb Code     0  dcmp.o(x$fpl$fcmp)
    _dgr                                     0x08001c21   Thumb Code    14  dcmp.o(x$fpl$fcmp)
    __aeabi_dcmpge                           0x08001c2f   Thumb Code     0  dcmp.o(x$fpl$fcmp)
    _dgeq                                    0x08001c2f   Thumb Code    14  dcmp.o(x$fpl$fcmp)
    __aeabi_dcmple                           0x08001c3d   Thumb Code     0  dcmp.o(x$fpl$fcmp)
    _dleq                                    0x08001c3d   Thumb Code    14  dcmp.o(x$fpl$fcmp)
    __aeabi_dcmplt                           0x08001c4b   Thumb Code     0  dcmp.o(x$fpl$fcmp)
    _dls                                     0x08001c4b   Thumb Code    14  dcmp.o(x$fpl$fcmp)
    _fp_init                                 0x08001c59   Thumb Code    26  fpinit.o(x$fpl$fpinit)
    __fplib_config_fpu_vfp                   0x08001c71   Thumb Code     0  fpinit.o(x$fpl$fpinit)
    __fplib_config_pureend_doubles           0x08001c71   Thumb Code     0  fpinit.o(x$fpl$fpinit)
    AHBPrescTable                            0x08001c72   Data          16  system_stm32f4xx.o(.rodata.AHBPrescTable)
    __I$use$fp                               0x08001c72   Number         0  usenofp.o(x$fpl$usenofp)
    __stderr_name                            0x08001c82   Data           8  retarget_io.o(.rodata.__stderr_name)
    __stdin_name                             0x08001c8a   Data           7  retarget_io.o(.rodata.__stdin_name)
    __stdout_name                            0x08001c91   Data           8  retarget_io.o(.rodata.__stdout_name)
    Region$$Table$$Base                      0x08001cd0   Number         0  anon$$obj.o(Region$$Table)
    Region$$Table$$Limit                     0x08001cf0   Number         0  anon$$obj.o(Region$$Table)
    __aeabi_stdin                            0x20000000   Data           4  stdio_streams.o(.data)
    __aeabi_stdout                           0x20000004   Data           4  stdio_streams.o(.data)
    __aeabi_stderr                           0x20000008   Data           4  stdio_streams.o(.data)
    SystemCoreClock                          0x2000000c   Data           4  system_stm32f4xx.o(.data.SystemCoreClock)
    __stdin                                  0x20000010   Data          84  stdio_streams.o(.bss)
    __stdout                                 0x20000064   Data          84  stdio_streams.o(.bss)
    __stderr                                 0x200000b8   Data          84  stdio_streams.o(.bss)
    __libspace_start                         0x2000010c   Data          96  libspace.o(.bss)
    __temporary_stack_top$libspace           0x2000016c   Data           0  libspace.o(.bss)
    ticks                                    0x2000016c   Data           4  main.o(.bss.ticks)



==============================================================================

Memory Map of the image

  Image Entry point : 0x08000241

  Load Region LR_1 (Base: 0x08000000, Size: 0x00001d00, Max: 0xffffffff, ABSOLUTE)

    Execution Region ER_RO (Exec base: 0x08000000, Load base: 0x08000000, Size: 0x00001cf0, Max: 0xffffffff, ABSOLUTE)

    Exec Addr    Load Addr    Size         Type   Attr      Idx    E Section Name        Object

    0x08000000   0x08000000   0x00000188   Data   RO          111    RESET               startup_stm32f407xx.o
    0x08000188   0x08000188   0x00000008   Code   RO          171  * !!!main             c_w.l(__main.o)
    0x08000190   0x08000190   0x00000034   Code   RO          552    !!!scatter          c_w.l(__scatter.o)
    0x080001c4   0x080001c4   0x0000001a   Code   RO          554    !!handler_copy      c_w.l(__scatter_copy.o)
    0x080001de   0x080001de   0x00000002   PAD
    0x080001e0   0x080001e0   0x0000001c   Code   RO          556    !!handler_zi        c_w.l(__scatter_zi.o)
    0x080001fc   0x080001fc   0x00000000   Code   RO          164    .ARM.Collect$$_printf_percent$$00000000  c_w.l(_printf_percent.o)
    0x080001fc   0x080001fc   0x00000006   Code   RO          163    .ARM.Collect$$_printf_percent$$00000009  c_w.l(_printf_d.o)
    0x08000202   0x08000202   0x00000004   Code   RO          196    .ARM.Collect$$_printf_percent$$00000017  c_w.l(_printf_percent_end.o)
    0x08000206   0x08000206   0x00000002   Code   RO          355    .ARM.Collect$$libinit$$00000000  c_w.l(libinit.o)
    0x08000208   0x08000208   0x00000004   Code   RO          356    .ARM.Collect$$libinit$$00000001  c_w.l(libinit2.o)
    0x0800020c   0x0800020c   0x00000000   Code   RO          359    .ARM.Collect$$libinit$$00000004  c_w.l(libinit2.o)
    0x0800020c   0x0800020c   0x00000008   Code   RO          360    .ARM.Collect$$libinit$$00000005  c_w.l(libinit2.o)
    0x08000214   0x08000214   0x00000000   Code   RO          362    .ARM.Collect$$libinit$$0000000A  c_w.l(libinit2.o)
    0x08000214   0x08000214   0x00000000   Code   RO          364    .ARM.Collect$$libinit$$0000000C  c_w.l(libinit2.o)
    0x08000214   0x08000214   0x00000000   Code   RO          366    .ARM.Collect$$libinit$$0000000E  c_w.l(libinit2.o)
    0x08000214   0x08000214   0x00000000   Code   RO          369    .ARM.Collect$$libinit$$00000011  c_w.l(libinit2.o)
    0x08000214   0x08000214   0x00000000   Code   RO          371    .ARM.Collect$$libinit$$00000013  c_w.l(libinit2.o)
    0x08000214   0x08000214   0x00000000   Code   RO          373    .ARM.Collect$$libinit$$00000015  c_w.l(libinit2.o)
    0x08000214   0x08000214   0x00000000   Code   RO          375    .ARM.Collect$$libinit$$00000017  c_w.l(libinit2.o)
    0x08000214   0x08000214   0x00000000   Code   RO          377    .ARM.Collect$$libinit$$00000019  c_w.l(libinit2.o)
    0x08000214   0x08000214   0x00000000   Code   RO          379    .ARM.Collect$$libinit$$0000001B  c_w.l(libinit2.o)
    0x08000214   0x08000214   0x00000000   Code   RO          381    .ARM.Collect$$libinit$$0000001D  c_w.l(libinit2.o)
    0x08000214   0x08000214   0x00000000   Code   RO          383    .ARM.Collect$$libinit$$0000001F  c_w.l(libinit2.o)
    0x08000214   0x08000214   0x00000000   Code   RO          385    .ARM.Collect$$libinit$$00000021  c_w.l(libinit2.o)
    0x08000214   0x08000214   0x00000000   Code   RO          387    .ARM.Collect$$libinit$$00000023  c_w.l(libinit2.o)
    0x08000214   0x08000214   0x00000004   Code   RO          388    .ARM.Collect$$libinit$$00000024  c_w.l(libinit2.o)
    0x08000218   0x08000218   0x00000000   Code   RO          389    .ARM.Collect$$libinit$$00000025  c_w.l(libinit2.o)
    0x08000218   0x08000218   0x00000000   Code   RO          393    .ARM.Collect$$libinit$$0000002C  c_w.l(libinit2.o)
    0x08000218   0x08000218   0x00000000   Code   RO          395    .ARM.Collect$$libinit$$0000002E  c_w.l(libinit2.o)
    0x08000218   0x08000218   0x00000000   Code   RO          397    .ARM.Collect$$libinit$$00000030  c_w.l(libinit2.o)
    0x08000218   0x08000218   0x00000000   Code   RO          399    .ARM.Collect$$libinit$$00000032  c_w.l(libinit2.o)
    0x08000218   0x08000218   0x00000002   Code   RO          400    .ARM.Collect$$libinit$$00000033  c_w.l(libinit2.o)
    0x0800021a   0x0800021a   0x00000002   Code   RO          531    .ARM.Collect$$libshutdown$$00000000  c_w.l(libshutdown.o)
    0x0800021c   0x0800021c   0x00000000   Code   RO          402    .ARM.Collect$$libshutdown$$00000002  c_w.l(libshutdown2.o)
    0x0800021c   0x0800021c   0x00000004   Code   RO          403    .ARM.Collect$$libshutdown$$00000003  c_w.l(libshutdown2.o)
    0x08000220   0x08000220   0x00000000   Code   RO          404    .ARM.Collect$$libshutdown$$00000004  c_w.l(libshutdown2.o)
    0x08000220   0x08000220   0x00000000   Code   RO          407    .ARM.Collect$$libshutdown$$00000007  c_w.l(libshutdown2.o)
    0x08000220   0x08000220   0x00000000   Code   RO          410    .ARM.Collect$$libshutdown$$0000000A  c_w.l(libshutdown2.o)
    0x08000220   0x08000220   0x00000000   Code   RO          412    .ARM.Collect$$libshutdown$$0000000C  c_w.l(libshutdown2.o)
    0x08000220   0x08000220   0x00000000   Code   RO          415    .ARM.Collect$$libshutdown$$0000000F  c_w.l(libshutdown2.o)
    0x08000220   0x08000220   0x00000002   Code   RO          416    .ARM.Collect$$libshutdown$$00000010  c_w.l(libshutdown2.o)
    0x08000222   0x08000222   0x00000000   Code   RO          191    .ARM.Collect$$rtentry$$00000000  c_w.l(__rtentry.o)
    0x08000222   0x08000222   0x00000000   Code   RO          221    .ARM.Collect$$rtentry$$00000002  c_w.l(__rtentry2.o)
    0x08000222   0x08000222   0x00000006   Code   RO          233    .ARM.Collect$$rtentry$$00000004  c_w.l(__rtentry4.o)
    0x08000228   0x08000228   0x00000000   Code   RO          223    .ARM.Collect$$rtentry$$00000009  c_w.l(__rtentry2.o)
    0x08000228   0x08000228   0x00000004   Code   RO          224    .ARM.Collect$$rtentry$$0000000A  c_w.l(__rtentry2.o)
    0x0800022c   0x0800022c   0x00000000   Code   RO          226    .ARM.Collect$$rtentry$$0000000C  c_w.l(__rtentry2.o)
    0x0800022c   0x0800022c   0x00000008   Code   RO          227    .ARM.Collect$$rtentry$$0000000D  c_w.l(__rtentry2.o)
    0x08000234   0x08000234   0x00000002   Code   RO          420    .ARM.Collect$$rtexit$$00000000  c_w.l(rtexit.o)
    0x08000236   0x08000236   0x00000000   Code   RO          480    .ARM.Collect$$rtexit$$00000002  c_w.l(rtexit2.o)
    0x08000236   0x08000236   0x00000004   Code   RO          481    .ARM.Collect$$rtexit$$00000003  c_w.l(rtexit2.o)
    0x0800023a   0x0800023a   0x00000006   Code   RO          482    .ARM.Collect$$rtexit$$00000004  c_w.l(rtexit2.o)
    0x08000240   0x08000240   0x00000040   Code   RO          112  * .text               startup_stm32f407xx.o
    0x08000280   0x08000280   0x00000018   Code   RO          137    .text               c_w.l(noretval__2printf.o)
    0x08000298   0x08000298   0x00000068   Code   RO          139    .text               c_w.l(__printf.o)
    0x08000300   0x08000300   0x00000078   Code   RO          141    .text               c_w.l(_printf_dec.o)
    0x08000378   0x08000378   0x0000002c   Code   RO          165    .text               c_w.l(puts.o)
    0x080003a4   0x080003a4   0x00000004   PAD
    0x080003a8   0x080003a8   0x0000007c   Code   RO          167    .text               c_w.l(strcmpv7em.o)
    0x08000424   0x08000424   0x00000006   Code   RO          169    .text               c_w.l(heapauxi.o)
    0x0800042a   0x0800042a   0x000000b2   Code   RO          192    .text               c_w.l(_printf_intcommon.o)
    0x080004dc   0x080004dc   0x00000024   Code   RO          194    .text               c_w.l(_printf_char_file.o)
    0x08000500   0x08000500   0x00000030   Code   RO          235    .text               c_w.l(_printf_char_common.o)
    0x08000530   0x08000530   0x00000008   Code   RO          237    .text               c_w.l(ferror.o)
    0x08000538   0x08000538   0x000001d6   Code   RO          239    .text               c_w.l(flsbuf.o)
    0x0800070e   0x0800070e   0x00000002   PAD
    0x08000710   0x08000710   0x00000138   Code   RO          241    .text               c_w.l(initio.o)
    0x08000848   0x08000848   0x0000004a   Code   RO          253    .text               c_w.l(sys_stackheap_outer.o)
    0x08000892   0x08000892   0x0000005e   Code   RO          259    .text               c_w.l(h1_alloc.o)
    0x080008f0   0x080008f0   0x0000004e   Code   RO          261    .text               c_w.l(h1_free.o)
    0x0800093e   0x0800093e   0x00000046   Code   RO          321    .text               c_w.l(setvbuf.o)
    0x08000984   0x08000984   0x000000f0   Code   RO          323    .text               c_w.l(stdio.o)
    0x08000a74   0x08000a74   0x000000f0   Code   RO          328    .text               c_w.l(fopen.o)
    0x08000b64   0x08000b64   0x0000004c   Code   RO          330    .text               c_w.l(fclose.o)
    0x08000bb0   0x08000bb0   0x00000012   Code   RO          340    .text               c_w.l(exit.o)
    0x08000bc2   0x08000bc2   0x0000000e   Code   RO          342    .text               c_w.l(defsig_rtred_outer.o)
    0x08000bd0   0x08000bd0   0x0000004e   Code   RO          348    .text               c_w.l(rt_memclr_w.o)
    0x08000c1e   0x08000c1e   0x00000002   PAD
    0x08000c20   0x08000c20   0x00000008   Code   RO          417    .text               c_w.l(libspace.o)
    0x08000c28   0x08000c28   0x00000008   Code   RO          427    .text               c_w.l(rt_heap_descriptor_intlibspace.o)
    0x08000c30   0x08000c30   0x00000004   Code   RO          429    .text               c_w.l(hguard.o)
    0x08000c34   0x08000c34   0x0000008a   Code   RO          431    .text               c_w.l(init_alloc.o)
    0x08000cbe   0x08000cbe   0x0000000e   Code   RO          435    .text               c_w.l(h1_init.o)
    0x08000ccc   0x08000ccc   0x000000f8   Code   RO          451    .text               c_w.l(fseek.o)
    0x08000dc4   0x08000dc4   0x0000000a   Code   RO          457    .text               c_w.l(defsig_exit.o)
    0x08000dce   0x08000dce   0x00000002   PAD
    0x08000dd0   0x08000dd0   0x00000034   Code   RO          459    .text               c_w.l(defsig_rtred_inner.o)
    0x08000e04   0x08000e04   0x0000000c   Code   RO          473    .text               c_w.l(sys_exit.o)
    0x08000e10   0x08000e10   0x00000000   Code   RO          488    .text               c_w.l(maybetermalloc1.o)
    0x08000e10   0x08000e10   0x00000034   Code   RO          490    .text               c_w.l(h1_extend.o)
    0x08000e44   0x08000e44   0x00000042   Code   RO          494    .text               c_w.l(ftell.o)
    0x08000e86   0x08000e86   0x00000032   Code   RO          498    .text               c_w.l(defsig_general.o)
    0x08000eb8   0x08000eb8   0x0000000e   Code   RO          500    .text               c_w.l(defsig_rtmem_outer.o)
    0x08000ec6   0x08000ec6   0x0000000e   Code   RO          511    .text               c_w.l(sys_wrch.o)
    0x08000ed4   0x08000ed4   0x00000002   Code   RO          515    .text               c_w.l(use_no_semi.o)
    0x08000ed6   0x08000ed6   0x00000000   Code   RO          517    .text               c_w.l(indicate_semi.o)
    0x08000ed6   0x08000ed6   0x00000002   PAD
    0x08000ed8   0x08000ed8   0x00000008   Code   RO          521    .text               c_w.l(rt_errno_addr_intlibspace.o)
    0x08000ee0   0x08000ee0   0x00000050   Code   RO          525    .text               c_w.l(defsig_rtmem_inner.o)
    0x08000f30   0x08000f30   0x0000002e   Code   RO           74    .text.ITM_SendChar  retarget_io.o
    0x08000f5e   0x08000f5e   0x00000002   PAD
    0x08000f60   0x08000f60   0x00000024   Code   RO           18    .text.SysTick_Config  main.o
    0x08000f84   0x08000f84   0x00000018   Code   RO           12    .text.SysTick_Handler  main.o
    0x08000f9c   0x08000f9c   0x0000007e   Code   RO          121    .text.SystemCoreClockUpdate  system_stm32f4xx.o
    0x0800101a   0x0800101a   0x00000002   PAD
    0x0800101c   0x0800101c   0x00000012   Code   RO          119    .text.SystemInit    system_stm32f4xx.o
    0x0800102e   0x0800102e   0x00000002   PAD
    0x08001030   0x08001030   0x0000000e   Code   RO           20    .text.__NVIC_SetPriority  main.o
    0x0800103e   0x0800103e   0x00000002   PAD
    0x08001040   0x08001040   0x00000010   Code   RO           47    .text._pwm_1SetDuty_raw  pwm.o
    0x08001050   0x08001050   0x00000010   Code   RO           49    .text._pwm_2SetDuty_raw  pwm.o
    0x08001060   0x08001060   0x00000010   Code   RO           51    .text._pwm_3SetDuty_raw  pwm.o
    0x08001070   0x08001070   0x00000010   Code   RO           53    .text._pwm_4SetDuty_raw  pwm.o
    0x08001080   0x08001080   0x00000012   Code   RO           80    .text._sys_close    retarget_io.o
    0x08001092   0x08001092   0x00000002   PAD
    0x08001094   0x08001094   0x00000004   Code   RO           96    .text._sys_flen     retarget_io.o
    0x08001098   0x08001098   0x00000010   Code   RO           92    .text._sys_istty    retarget_io.o
    0x080010a8   0x080010a8   0x00000064   Code   RO           78    .text._sys_open     retarget_io.o
    0x0800110c   0x0800110c   0x00000006   Code   RO           94    .text._sys_seek     retarget_io.o
    0x08001112   0x08001112   0x00000002   PAD
    0x08001114   0x08001114   0x00000042   Code   RO           82    .text._sys_write    retarget_io.o
    0x08001156   0x08001156   0x00000002   PAD
    0x08001158   0x08001158   0x00000020   Code   RO           32    .text.buttonInit    peripherials_init.o
    0x08001178   0x08001178   0x00000154   Code   RO            2    .text.clockInit     clock_config.o
    0x080012cc   0x080012cc   0x0000005a   Code   RO           36    .text.ledInitPWM    peripherials_init.o
    0x08001326   0x08001326   0x00000002   PAD
    0x08001328   0x08001328   0x00000058   Code   RO           16    .text.main          main.o
    0x08001380   0x08001380   0x0000010c   Code   RO           55    .text.pwm_SetDuty   pwm.o
    0x0800148c   0x0800148c   0x00000008   Code   RO           86    .text.stderr_putchar  retarget_io.o
    0x08001494   0x08001494   0x00000008   Code   RO           84    .text.stdout_putchar  retarget_io.o
    0x0800149c   0x0800149c   0x0000009c   Code   RO           38    .text.tim4Init      peripherials_init.o
    0x08001538   0x08001538   0x0000001a   Code   RO          198    i.fputc             c_w.l(fputc.o)
    0x08001552   0x08001552   0x00000018   Code   RO          249    x$fpl$dcmpinf       fz_wm.l(dcmpi.o)
    0x0800156a   0x0800156a   0x00000002   PAD
    0x0800156c   0x0800156c   0x000002b4   Code   RO          176    x$fpl$ddiv          fz_wm.l(ddiv.o)
    0x08001820   0x08001820   0x00000078   Code   RO          209    x$fpl$deqf          fz_wm.l(deqf.o)
    0x08001898   0x08001898   0x0000005a   Code   RO          179    x$fpl$dfixu         fz_wm.l(dfixu.o)
    0x080018f2   0x080018f2   0x00000026   Code   RO          183    x$fpl$dfltu         fz_wm.l(dflt_clz.o)
    0x08001918   0x08001918   0x00000078   Code   RO          211    x$fpl$dgeqf         fz_wm.l(dgeqf.o)
    0x08001990   0x08001990   0x00000078   Code   RO          213    x$fpl$dleqf         fz_wm.l(dleqf.o)
    0x08001a08   0x08001a08   0x00000154   Code   RO          189    x$fpl$dmul          fz_wm.l(dmul.o)
    0x08001b5c   0x08001b5c   0x0000009c   Code   RO          215    x$fpl$dnaninf       fz_wm.l(dnaninf.o)
    0x08001bf8   0x08001bf8   0x0000000c   Code   RO          217    x$fpl$dretinf       fz_wm.l(dretinf.o)
    0x08001c04   0x08001c04   0x00000054   Code   RO          173    x$fpl$fcmp          fz_wm.l(dcmp.o)
    0x08001c58   0x08001c58   0x0000001a   Code   RO          469    x$fpl$fpinit        fz_wm.l(fpinit.o)
    0x08001c72   0x08001c72   0x00000000   Code   RO          219    x$fpl$usenofp       fz_wm.l(usenofp.o)
    0x08001c72   0x08001c72   0x00000010   Data   RO          124    .rodata.AHBPrescTable  system_stm32f4xx.o
    0x08001c82   0x08001c82   0x00000008   Data   RO          101    .rodata.__stderr_name  retarget_io.o
    0x08001c8a   0x08001c8a   0x00000007   Data   RO           99    .rodata.__stdin_name  retarget_io.o
    0x08001c91   0x08001c91   0x00000008   Data   RO          100    .rodata.__stdout_name  retarget_io.o
    0x08001c99   0x08001c99   0x00000037   Data   RO            4    .rodata.str1.1      clock_config.o
    0x08001cd0   0x08001cd0   0x00000020   Data   RO          551    Region$$Table       anon$$obj.o


    Execution Region ER_RW (Exec base: 0x20000000, Load base: 0x08001cf0, Size: 0x00000010, Max: 0xffffffff, ABSOLUTE)

    Exec Addr    Load Addr    Size         Type   Attr      Idx    E Section Name        Object

    0x20000000   0x08001cf0   0x00000004   Data   RW          204    .data               c_w.l(stdio_streams.o)
    0x20000004   0x08001cf4   0x00000004   Data   RW          205    .data               c_w.l(stdio_streams.o)
    0x20000008   0x08001cf8   0x00000004   Data   RW          206    .data               c_w.l(stdio_streams.o)
    0x2000000c   0x08001cfc   0x00000004   Data   RW          123    .data.SystemCoreClock  system_stm32f4xx.o


    Execution Region ER_ZI (Exec base: 0x20000010, Load base: 0x08001d00, Size: 0x00000760, Max: 0xffffffff, ABSOLUTE)

    Exec Addr    Load Addr    Size         Type   Attr      Idx    E Section Name        Object

    0x20000010        -       0x00000054   Zero   RW          201    .bss                c_w.l(stdio_streams.o)
    0x20000064        -       0x00000054   Zero   RW          202    .bss                c_w.l(stdio_streams.o)
    0x200000b8        -       0x00000054   Zero   RW          203    .bss                c_w.l(stdio_streams.o)
    0x2000010c        -       0x00000060   Zero   RW          418    .bss                c_w.l(libspace.o)
    0x2000016c        -       0x00000004   Zero   RW           22    .bss.ticks          main.o
    0x20000170        -       0x00000200   Zero   RW          110    HEAP                startup_stm32f407xx.o
    0x20000370        -       0x00000400   Zero   RW          109    STACK               startup_stm32f407xx.o


==============================================================================

Image component sizes


      Code (inc. data)   RO Data    RW Data    ZI Data      Debug   Object Name

       340        104         55          0          0       1758   clock_config.o
       162          8          0          0          4       4684   main.o
       278          0          0          0          0       2294   peripherials_init.o
       332         72          0          0          0       2231   pwm.o
       272         24         23          0          0       3637   retarget_io.o
        64         26        392          0       1536        884   startup_stm32f407xx.o
       144          0         16          4          0       2764   system_stm32f4xx.o

    ----------------------------------------------------------------------
      1608        234        518          4       1540      18252   Object Totals
         0          0         32          0          0          0   (incl. Generated)
        16          0          0          0          0          0   (incl. Padding)

    ----------------------------------------------------------------------

      Code (inc. data)   RO Data    RW Data    ZI Data      Debug   Library Member Name

         8          0          0          0          0         68   __main.o
       104          0          0          0          0         84   __printf.o
         0          0          0          0          0          0   __rtentry.o
        12          0          0          0          0          0   __rtentry2.o
         6          0          0          0          0          0   __rtentry4.o
        52          8          0          0          0          0   __scatter.o
        26          0          0          0          0          0   __scatter_copy.o
        28          0          0          0          0          0   __scatter_zi.o
        48          6          0          0          0         96   _printf_char_common.o
        36          4          0          0          0         80   _printf_char_file.o
         6          0          0          0          0          0   _printf_d.o
       120         16          0          0          0         92   _printf_dec.o
       178          0          0          0          0         88   _printf_intcommon.o
         0          0          0          0          0          0   _printf_percent.o
         4          0          0          0          0          0   _printf_percent_end.o
        10          0          0          0          0         68   defsig_exit.o
        50          0          0          0          0         88   defsig_general.o
        80         58          0          0          0         76   defsig_rtmem_inner.o
        14          0          0          0          0         80   defsig_rtmem_outer.o
        52         38          0          0          0         76   defsig_rtred_inner.o
        14          0          0          0          0         80   defsig_rtred_outer.o
        18          0          0          0          0         80   exit.o
        76          0          0          0          0         88   fclose.o
         8          0          0          0          0         68   ferror.o
       470          0          0          0          0         88   flsbuf.o
       240          6          0          0          0        128   fopen.o
        26          0          0          0          0         68   fputc.o
       248          6          0          0          0         84   fseek.o
        66          0          0          0          0         76   ftell.o
        94          0          0          0          0         80   h1_alloc.o
        52          0          0          0          0         68   h1_extend.o
        78          0          0          0          0         80   h1_free.o
        14          0          0          0          0         84   h1_init.o
         6          0          0          0          0        152   heapauxi.o
         4          0          0          0          0        136   hguard.o
         0          0          0          0          0          0   indicate_semi.o
       138          0          0          0          0        168   init_alloc.o
       312         46          0          0          0        112   initio.o
         2          0          0          0          0          0   libinit.o
        18          0          0          0          0          0   libinit2.o
         2          0          0          0          0          0   libshutdown.o
         6          0          0          0          0          0   libshutdown2.o
         8          4          0          0         96         68   libspace.o
         0          0          0          0          0          0   maybetermalloc1.o
        24          4          0          0          0         84   noretval__2printf.o
        44          4          0          0          0         84   puts.o
         8          4          0          0          0         68   rt_errno_addr_intlibspace.o
         8          4          0          0          0         68   rt_heap_descriptor_intlibspace.o
        78          0          0          0          0         80   rt_memclr_w.o
         2          0          0          0          0          0   rtexit.o
        10          0          0          0          0          0   rtexit2.o
        70          0          0          0          0         80   setvbuf.o
       240          6          0          0          0        156   stdio.o
         0          0          0         12        252          0   stdio_streams.o
       124          0          0          0          0         88   strcmpv7em.o
        12          4          0          0          0         68   sys_exit.o
        74          0          0          0          0         80   sys_stackheap_outer.o
        14          0          0          0          0         76   sys_wrch.o
         2          0          0          0          0         68   use_no_semi.o
        84          0          0          0          0        244   dcmp.o
        24          0          0          0          0        116   dcmpi.o
       692        140          0          0          0        264   ddiv.o
       120          4          0          0          0        140   deqf.o
        90          4          0          0          0        140   dfixu.o
        38          0          0          0          0        116   dflt_clz.o
       120          4          0          0          0        140   dgeqf.o
       120          4          0          0          0        140   dleqf.o
       340         12          0          0          0        152   dmul.o
       156          4          0          0          0        140   dnaninf.o
        12          0          0          0          0        116   dretinf.o
        26          0          0          0          0        116   fpinit.o
         0          0          0          0          0          0   usenofp.o

    ----------------------------------------------------------------------
      5282        394          0         12        348       5428   Library Totals
        16          4          0          0          0          0   (incl. Padding)

    ----------------------------------------------------------------------

      Code (inc. data)   RO Data    RW Data    ZI Data      Debug   Library Name

      3444        218          0         12        348       3604   c_w.l
      1822        172          0          0          0       1824   fz_wm.l

    ----------------------------------------------------------------------
      5282        394          0         12        348       5428   Library Totals

    ----------------------------------------------------------------------

==============================================================================


      Code (inc. data)   RO Data    RW Data    ZI Data      Debug   

      6890        628        518         16       1888      20504   Grand Totals
      6890        628        518         16       1888      20504   ELF Image Totals
      6890        628        518         16          0          0   ROM Totals

==============================================================================

    Total RO  Size (Code + RO Data)                 7408 (   7.23kB)
    Total RW  Size (RW Data + ZI Data)              1904 (   1.86kB)
    Total ROM Size (Code + RO Data + RW Data)       7424 (   7.25kB)

==============================================================================

